Archive member included to satisfy reference by file (symbol)

/usr/lib/gcc/arm-none-eabi/4.8/../../../arm-none-eabi/lib/armv7e-m/softfp/libc_nano.a(lib_a-atexit.o)
                              /usr/lib/gcc/arm-none-eabi/4.8/../../../arm-none-eabi/lib/armv7e-m/softfp/crt0.o (atexit)
/usr/lib/gcc/arm-none-eabi/4.8/../../../arm-none-eabi/lib/armv7e-m/softfp/libc_nano.a(lib_a-exit.o)
                              /usr/lib/gcc/arm-none-eabi/4.8/../../../arm-none-eabi/lib/armv7e-m/softfp/crt0.o (exit)
/usr/lib/gcc/arm-none-eabi/4.8/../../../arm-none-eabi/lib/armv7e-m/softfp/libc_nano.a(lib_a-fini.o)
                              /usr/lib/gcc/arm-none-eabi/4.8/../../../arm-none-eabi/lib/armv7e-m/softfp/crt0.o (__libc_fini_array)
/usr/lib/gcc/arm-none-eabi/4.8/../../../arm-none-eabi/lib/armv7e-m/softfp/libc_nano.a(lib_a-impure.o)
                              /usr/lib/gcc/arm-none-eabi/4.8/../../../arm-none-eabi/lib/armv7e-m/softfp/libc_nano.a(lib_a-exit.o) (_global_impure_ptr)
/usr/lib/gcc/arm-none-eabi/4.8/../../../arm-none-eabi/lib/armv7e-m/softfp/libc_nano.a(lib_a-init.o)
                              /usr/lib/gcc/arm-none-eabi/4.8/../../../arm-none-eabi/lib/armv7e-m/softfp/crt0.o (__libc_init_array)
/usr/lib/gcc/arm-none-eabi/4.8/../../../arm-none-eabi/lib/armv7e-m/softfp/libc_nano.a(lib_a-memset.o)
                              /usr/lib/gcc/arm-none-eabi/4.8/../../../arm-none-eabi/lib/armv7e-m/softfp/crt0.o (memset)
/usr/lib/gcc/arm-none-eabi/4.8/../../../arm-none-eabi/lib/armv7e-m/softfp/libc_nano.a(lib_a-puts.o)
                              build/main.o (puts)
/usr/lib/gcc/arm-none-eabi/4.8/../../../arm-none-eabi/lib/armv7e-m/softfp/libc_nano.a(lib_a-wbuf.o)
                              /usr/lib/gcc/arm-none-eabi/4.8/../../../arm-none-eabi/lib/armv7e-m/softfp/libc_nano.a(lib_a-puts.o) (__swbuf_r)
/usr/lib/gcc/arm-none-eabi/4.8/../../../arm-none-eabi/lib/armv7e-m/softfp/libc_nano.a(lib_a-wsetup.o)
                              /usr/lib/gcc/arm-none-eabi/4.8/../../../arm-none-eabi/lib/armv7e-m/softfp/libc_nano.a(lib_a-puts.o) (__swsetup_r)
/usr/lib/gcc/arm-none-eabi/4.8/../../../arm-none-eabi/lib/armv7e-m/softfp/libc_nano.a(lib_a-__atexit.o)
                              /usr/lib/gcc/arm-none-eabi/4.8/../../../arm-none-eabi/lib/armv7e-m/softfp/libc_nano.a(lib_a-atexit.o) (__register_exitproc)
/usr/lib/gcc/arm-none-eabi/4.8/../../../arm-none-eabi/lib/armv7e-m/softfp/libc_nano.a(lib_a-__call_atexit.o)
                              /usr/lib/gcc/arm-none-eabi/4.8/../../../arm-none-eabi/lib/armv7e-m/softfp/libc_nano.a(lib_a-__atexit.o) (__call_exitprocs)
/usr/lib/gcc/arm-none-eabi/4.8/../../../arm-none-eabi/lib/armv7e-m/softfp/libc_nano.a(lib_a-fflush.o)
                              /usr/lib/gcc/arm-none-eabi/4.8/../../../arm-none-eabi/lib/armv7e-m/softfp/libc_nano.a(lib_a-wbuf.o) (_fflush_r)
/usr/lib/gcc/arm-none-eabi/4.8/../../../arm-none-eabi/lib/armv7e-m/softfp/libc_nano.a(lib_a-findfp.o)
                              /usr/lib/gcc/arm-none-eabi/4.8/../../../arm-none-eabi/lib/armv7e-m/softfp/libc_nano.a(lib_a-puts.o) (__sinit)
/usr/lib/gcc/arm-none-eabi/4.8/../../../arm-none-eabi/lib/armv7e-m/softfp/libc_nano.a(lib_a-fwalk.o)
                              /usr/lib/gcc/arm-none-eabi/4.8/../../../arm-none-eabi/lib/armv7e-m/softfp/libc_nano.a(lib_a-findfp.o) (_fwalk)
/usr/lib/gcc/arm-none-eabi/4.8/../../../arm-none-eabi/lib/armv7e-m/softfp/libc_nano.a(lib_a-makebuf.o)
                              /usr/lib/gcc/arm-none-eabi/4.8/../../../arm-none-eabi/lib/armv7e-m/softfp/libc_nano.a(lib_a-wsetup.o) (__smakebuf_r)
/usr/lib/gcc/arm-none-eabi/4.8/../../../arm-none-eabi/lib/armv7e-m/softfp/libc_nano.a(lib_a-nano-freer.o)
                              /usr/lib/gcc/arm-none-eabi/4.8/../../../arm-none-eabi/lib/armv7e-m/softfp/libc_nano.a(lib_a-wsetup.o) (_free_r)
/usr/lib/gcc/arm-none-eabi/4.8/../../../arm-none-eabi/lib/armv7e-m/softfp/libc_nano.a(lib_a-nano-mallocr.o)
                              /usr/lib/gcc/arm-none-eabi/4.8/../../../arm-none-eabi/lib/armv7e-m/softfp/libc_nano.a(lib_a-findfp.o) (_malloc_r)
/usr/lib/gcc/arm-none-eabi/4.8/../../../arm-none-eabi/lib/armv7e-m/softfp/libc_nano.a(lib_a-sbrkr.o)
                              /usr/lib/gcc/arm-none-eabi/4.8/../../../arm-none-eabi/lib/armv7e-m/softfp/libc_nano.a(lib_a-nano-mallocr.o) (_sbrk_r)
/usr/lib/gcc/arm-none-eabi/4.8/../../../arm-none-eabi/lib/armv7e-m/softfp/libc_nano.a(lib_a-stdio.o)
                              /usr/lib/gcc/arm-none-eabi/4.8/../../../arm-none-eabi/lib/armv7e-m/softfp/libc_nano.a(lib_a-findfp.o) (__sread)
/usr/lib/gcc/arm-none-eabi/4.8/../../../arm-none-eabi/lib/armv7e-m/softfp/libc_nano.a(lib_a-writer.o)
                              /usr/lib/gcc/arm-none-eabi/4.8/../../../arm-none-eabi/lib/armv7e-m/softfp/libc_nano.a(lib_a-stdio.o) (_write_r)
/usr/lib/gcc/arm-none-eabi/4.8/../../../arm-none-eabi/lib/armv7e-m/softfp/libc_nano.a(lib_a-closer.o)
[...]
Memory Configuration

Name             Origin             Length             Attributes
FLASH            0x0000000008000000 0x0000000000200000 xr
RAM              0x0000000020000000 0x0000000000030000 xrw
CCMRAM           0x0000000010000000 0x0000000000010000 rw
*default*        0x0000000000000000 0xffffffffffffffff

Linker script and memory map

LOAD /usr/lib/gcc/arm-none-eabi/4.8/armv7e-m/softfp/crti.o
LOAD /usr/lib/gcc/arm-none-eabi/4.8/armv7e-m/softfp/crtbegin.o
LOAD /usr/lib/gcc/arm-none-eabi/4.8/../../../arm-none-eabi/lib/armv7e-m/softfp/crt0.o
LOAD build/system_stm32f4xx.o
LOAD build/stm32f4xx_hal.o
LOAD build/stm32f4xx_hal_cortex.o
LOAD build/stm32f4xx_hal_dma.o
LOAD build/stm32f4xx_hal_dma_ex.o
LOAD build/stm32f4xx_hal_flash.o
LOAD build/stm32f4xx_hal_flash_ex.o
LOAD build/stm32f4xx_hal_flash_ramfunc.o
LOAD build/stm32f4xx_hal_gpio.o
LOAD build/stm32f4xx_hal_pwr.o
LOAD build/stm32f4xx_hal_pwr_ex.o
LOAD build/stm32f4xx_hal_rcc.o
LOAD build/stm32f4xx_hal_rcc_ex.o
LOAD build/main.o
LOAD build/stm32f4xx_hal_msp.o
LOAD build/stm32f4xx_it.o
LOAD build/startup_stm32f429xx.o
LOAD /usr/lib/gcc/arm-none-eabi/4.8/../../../arm-none-eabi/lib/armv7e-m/softfp/libc_nano.a
LOAD /usr/lib/gcc/arm-none-eabi/4.8/../../../arm-none-eabi/lib/armv7e-m/softfp/libm.a
LOAD /usr/lib/gcc/arm-none-eabi/4.8/../../../arm-none-eabi/lib/armv7e-m/softfp/libnosys.a
START GROUP
LOAD /usr/lib/gcc/arm-none-eabi/4.8/armv7e-m/softfp/libgcc.a
LOAD /usr/lib/gcc/arm-none-eabi/4.8/../../../arm-none-eabi/lib/armv7e-m/softfp/libc_nano.a
END GROUP
START GROUP
LOAD /usr/lib/gcc/arm-none-eabi/4.8/armv7e-m/softfp/libgcc.a
LOAD /usr/lib/gcc/arm-none-eabi/4.8/../../../arm-none-eabi/lib/armv7e-m/softfp/libc_nano.a
END GROUP
LOAD /usr/lib/gcc/arm-none-eabi/4.8/armv7e-m/softfp/crtend.o
LOAD /usr/lib/gcc/arm-none-eabi/4.8/armv7e-m/softfp/crtn.o
                0x0000000020030000                _estack = 0x20030000
                0x0000000000000200                _Min_Heap_Size = 0x200
                0x0000000000000400                _Min_Stack_Size = 0x400

.isr_vector     0x0000000008000000      0x1ac
                0x0000000008000000                . = ALIGN (0x4)
 *(.isr_vector)
 .isr_vector    0x0000000008000000      0x1ac build/startup_stm32f429xx.o
                0x0000000008000000                g_pfnVectors
                0x00000000080001ac                . = ALIGN (0x4)

.text           0x00000000080001ac     0x204c
                0x00000000080001ac                . = ALIGN (0x4)
 *(.text)
 .text          0x00000000080001ac       0xac /usr/lib/gcc/arm-none-eabi/4.8/armv7e-m/softfp/crtbegin.o
 *(.text*)
 .text.SystemInit
                0x0000000008000258       0x6c build/system_stm32f4xx.o
                0x0000000008000258                SystemInit
 .text.HAL_Init
                0x00000000080002c4       0x44 build/stm32f4xx_hal.o
                0x00000000080002c4                HAL_Init
 .text.HAL_InitTick
                0x0000000008000308       0x38 build/stm32f4xx_hal.o
                0x0000000008000308                HAL_InitTick
 .text.HAL_IncTick
                0x0000000008000340       0x1c build/stm32f4xx_hal.o
                0x0000000008000340                HAL_IncTick
 .text.HAL_GetTick
                0x000000000800035c       0x18 build/stm32f4xx_hal.o
                0x000000000800035c                HAL_GetTick
 .text.HAL_Delay
                0x0000000008000374       0x2c build/stm32f4xx_hal.o
                0x0000000008000374                HAL_Delay
 .text.NVIC_SetPriorityGrouping
                0x00000000080003a0       0x48 build/stm32f4xx_hal_cortex.o
 .text.NVIC_GetPriorityGrouping
                0x00000000080003e8       0x1c build/stm32f4xx_hal_cortex.o
 .text.NVIC_SetPriority
                0x0000000008000404       0x54 build/stm32f4xx_hal_cortex.o
 .text.NVIC_EncodePriority
                0x0000000008000458       0x64 build/stm32f4xx_hal_cortex.o
 .text.SysTick_Config
                0x00000000080004bc       0x44 build/stm32f4xx_hal_cortex.o
 .text.HAL_NVIC_SetPriorityGrouping
                0x0000000008000500       0x14 build/stm32f4xx_hal_cortex.o
                0x0000000008000500                HAL_NVIC_SetPriorityGrouping
 .text.HAL_NVIC_SetPriority
                0x0000000008000514       0x38 build/stm32f4xx_hal_cortex.o
                0x0000000008000514                HAL_NVIC_SetPriority
 .text.HAL_SYSTICK_Config
                0x000000000800054c       0x18 build/stm32f4xx_hal_cortex.o
                0x000000000800054c                HAL_SYSTICK_Config
 .text.HAL_SYSTICK_CLKSourceConfig
                0x0000000008000564       0x38 build/stm32f4xx_hal_cortex.o
                0x0000000008000564                HAL_SYSTICK_CLKSourceConfig
 .text.HAL_SYSTICK_IRQHandler
                0x000000000800059c        0xc build/stm32f4xx_hal_cortex.o
                0x000000000800059c                HAL_SYSTICK_IRQHandler
 .text.HAL_SYSTICK_Callback
                0x00000000080005a8        0xc build/stm32f4xx_hal_cortex.o
                0x00000000080005a8                HAL_SYSTICK_Callback
 .text.HAL_GPIO_Init
                0x00000000080005b4      0x350 build/stm32f4xx_hal_gpio.o
                0x00000000080005b4                HAL_GPIO_Init
 .text.HAL_GPIO_TogglePin
                0x0000000008000904       0x24 build/stm32f4xx_hal_gpio.o
                0x0000000008000904                HAL_GPIO_TogglePin
 .text.HAL_RCC_OscConfig
                0x0000000008000928      0x48c build/stm32f4xx_hal_rcc.o
                0x0000000008000928                HAL_RCC_OscConfig
 .text.HAL_RCC_ClockConfig
                0x0000000008000db4      0x31c build/stm32f4xx_hal_rcc.o
                0x0000000008000db4                HAL_RCC_ClockConfig
 .text.HAL_RCC_GetSysClockFreq
                0x00000000080010d0       0xfc build/stm32f4xx_hal_rcc.o
                0x00000000080010d0                HAL_RCC_GetSysClockFreq
 .text.HAL_RCC_GetHCLKFreq
                0x00000000080011cc       0x4c build/stm32f4xx_hal_rcc.o
                0x00000000080011cc                HAL_RCC_GetHCLKFreq
 .text.main     0x0000000008001218       0x34 build/main.o
                0x0000000008001218                main
 .text.SystemClock_Config
                0x000000000800124c       0xc0 build/main.o
                0x000000000800124c                SystemClock_Config
 .text.MX_GPIO_Init
                0x000000000800130c      0x450 build/main.o
 .text.HAL_MspInit
                0x000000000800175c       0x18 build/stm32f4xx_hal_msp.o
                0x000000000800175c                HAL_MspInit
 .text.SysTick_Handler
                0x0000000008001774       0x10 build/stm32f4xx_it.o
                0x0000000008001774                SysTick_Handler
 .text.Reset_Handler
                0x0000000008001784       0x50 build/startup_stm32f429xx.o
                0x0000000008001784                Reset_Handler
 .text.Default_Handler
                0x00000000080017d4        0x2 build/startup_stm32f429xx.o
                0x00000000080017d4                RTC_Alarm_IRQHandler
                0x00000000080017d4                HASH_RNG_IRQHandler
                0x00000000080017d4                EXTI2_IRQHandler
                0x00000000080017d4                TIM8_CC_IRQHandler
                0x00000000080017d4                DebugMon_Handler
                0x00000000080017d4                UART8_IRQHandler
                0x00000000080017d4                SPI4_IRQHandler
                0x00000000080017d4                TIM1_CC_IRQHandler
                0x00000000080017d4                DMA2_Stream5_IRQHandler
                0x00000000080017d4                HardFault_Handler
                0x00000000080017d4                DMA1_Stream5_IRQHandler
                0x00000000080017d4                PVD_IRQHandler
                0x00000000080017d4                SDIO_IRQHandler
                0x00000000080017d4                TAMP_STAMP_IRQHandler
                0x00000000080017d4                PendSV_Handler
                0x00000000080017d4                NMI_Handler
                0x00000000080017d4                CAN2_RX1_IRQHandler
                0x00000000080017d4                EXTI3_IRQHandler
                0x00000000080017d4                TIM8_TRG_COM_TIM14_IRQHandler
                0x00000000080017d4                TIM1_UP_TIM10_IRQHandler
                0x00000000080017d4                TIM8_UP_TIM13_IRQHandler
                0x00000000080017d4                I2C3_ER_IRQHandler
                0x00000000080017d4                EXTI0_IRQHandler
                0x00000000080017d4                I2C2_EV_IRQHandler
                0x00000000080017d4                DMA1_Stream2_IRQHandler
                0x00000000080017d4                CAN1_RX0_IRQHandler
                0x00000000080017d4                FPU_IRQHandler
                0x00000000080017d4                OTG_HS_WKUP_IRQHandler
                0x00000000080017d4                UsageFault_Handler
                0x00000000080017d4                LTDC_ER_IRQHandler
                0x00000000080017d4                CAN2_SCE_IRQHandler
                0x00000000080017d4                DMA2_Stream2_IRQHandler
                0x00000000080017d4                SPI1_IRQHandler
                0x00000000080017d4                TIM6_DAC_IRQHandler
                0x00000000080017d4                TIM1_BRK_TIM9_IRQHandler
                0x00000000080017d4                DCMI_IRQHandler
                0x00000000080017d4                CAN2_RX0_IRQHandler
                0x00000000080017d4                DMA2_Stream3_IRQHandler
                0x00000000080017d4                USART6_IRQHandler
                0x00000000080017d4                USART3_IRQHandler
                0x00000000080017d4                CAN1_RX1_IRQHandler
                0x00000000080017d4                UART5_IRQHandler
                0x00000000080017d4                DMA2_Stream0_IRQHandler
                0x00000000080017d4                TIM4_IRQHandler
                0x00000000080017d4                I2C1_EV_IRQHandler
                0x00000000080017d4                DMA1_Stream6_IRQHandler
                0x00000000080017d4                DMA1_Stream1_IRQHandler
                0x00000000080017d4                UART4_IRQHandler
                0x00000000080017d4                TIM3_IRQHandler
                0x00000000080017d4                RCC_IRQHandler
                0x00000000080017d4                TIM8_BRK_TIM12_IRQHandler
                0x00000000080017d4                Default_Handler
                0x00000000080017d4                EXTI15_10_IRQHandler
                0x00000000080017d4                ADC_IRQHandler
                0x00000000080017d4                DMA1_Stream7_IRQHandler
                0x00000000080017d4                SPI5_IRQHandler
                0x00000000080017d4                TIM7_IRQHandler
                0x00000000080017d4                CAN2_TX_IRQHandler
                0x00000000080017d4                TIM5_IRQHandler
                0x00000000080017d4                DMA2_Stream7_IRQHandler
                0x00000000080017d4                I2C3_EV_IRQHandler
                0x00000000080017d4                EXTI9_5_IRQHandler
                0x00000000080017d4                RTC_WKUP_IRQHandler
                0x00000000080017d4                LTDC_IRQHandler
                0x00000000080017d4                ETH_WKUP_IRQHandler
                0x00000000080017d4                SPI2_IRQHandler
                0x00000000080017d4                OTG_HS_EP1_IN_IRQHandler
                0x00000000080017d4                MemManage_Handler
                0x00000000080017d4                DMA1_Stream0_IRQHandler
                0x00000000080017d4                CAN1_TX_IRQHandler
                0x00000000080017d4                SVC_Handler
                0x00000000080017d4                EXTI4_IRQHandler
                0x00000000080017d4                ETH_IRQHandler
                0x00000000080017d4                OTG_HS_EP1_OUT_IRQHandler
                0x00000000080017d4                WWDG_IRQHandler
                0x00000000080017d4                SPI6_IRQHandler
                0x00000000080017d4                TIM2_IRQHandler
                0x00000000080017d4                OTG_FS_WKUP_IRQHandler
                0x00000000080017d4                TIM1_TRG_COM_TIM11_IRQHandler
                0x00000000080017d4                OTG_HS_IRQHandler
                0x00000000080017d4                DMA2D_IRQHandler
                0x00000000080017d4                EXTI1_IRQHandler
                0x00000000080017d4                UART7_IRQHandler
                0x00000000080017d4                USART2_IRQHandler
                0x00000000080017d4                I2C2_ER_IRQHandler
                0x00000000080017d4                DMA2_Stream1_IRQHandler
                0x00000000080017d4                CAN1_SCE_IRQHandler
                0x00000000080017d4                FLASH_IRQHandler
                0x00000000080017d4                DMA2_Stream4_IRQHandler
                0x00000000080017d4                BusFault_Handler
                0x00000000080017d4                USART1_IRQHandler
                0x00000000080017d4                OTG_FS_IRQHandler
                0x00000000080017d4                SPI3_IRQHandler
                0x00000000080017d4                DMA1_Stream4_IRQHandler
                0x00000000080017d4                I2C1_ER_IRQHandler
                0x00000000080017d4                FMC_IRQHandler
                0x00000000080017d4                DMA2_Stream6_IRQHandler
                0x00000000080017d4                SAI1_IRQHandler
                0x00000000080017d4                DMA1_Stream3_IRQHandler
 *fill*         0x00000000080017d6        0x2 
 .text.__libc_init_array
                0x00000000080017d8       0x4c /usr/lib/gcc/arm-none-eabi/4.8/../../../arm-none-eabi/lib/armv7e-m/softfp/libc_nano.a(lib_a-init.o)
                0x00000000080017d8                __libc_init_array
 .text.memset   0x0000000008001824       0x10 /usr/lib/gcc/arm-none-eabi/4.8/../../../arm-none-eabi/lib/armv7e-m/softfp/libc_nano.a(lib_a-memset.o)
                0x0000000008001824                memset
 .text._puts_r  0x0000000008001834       0xc0 /usr/lib/gcc/arm-none-eabi/4.8/../../../arm-none-eabi/lib/armv7e-m/softfp/libc_nano.a(lib_a-puts.o)
                0x0000000008001834                _puts_r
 .text.puts     0x00000000080018f4       0x10 /usr/lib/gcc/arm-none-eabi/4.8/../../../arm-none-eabi/lib/armv7e-m/softfp/libc_nano.a(lib_a-puts.o)
                0x00000000080018f4                puts
 .text.__swbuf_r
                0x0000000008001904       0xa8 /usr/lib/gcc/arm-none-eabi/4.8/../../../arm-none-eabi/lib/armv7e-m/softfp/libc_nano.a(lib_a-wbuf.o)
                0x0000000008001904                __swbuf_r
 .text.__swsetup_r
                0x00000000080019ac       0xdc /usr/lib/gcc/arm-none-eabi/4.8/../../../arm-none-eabi/lib/armv7e-m/softfp/libc_nano.a(lib_a-wsetup.o)
                0x00000000080019ac                __swsetup_r
 .text.__sflush_r
                0x0000000008001a88      0x106 /usr/lib/gcc/arm-none-eabi/4.8/../../../arm-none-eabi/lib/armv7e-m/softfp/libc_nano.a(lib_a-fflush.o)
                0x0000000008001a88                __sflush_r
 *fill*         0x0000000008001b8e        0x2 
 .text._fflush_r
                0x0000000008001b90       0x54 /usr/lib/gcc/arm-none-eabi/4.8/../../../arm-none-eabi/lib/armv7e-m/softfp/libc_nano.a(lib_a-fflush.o)
                0x0000000008001b90                _fflush_r
 .text._cleanup_r
                0x0000000008001be4        0xc /usr/lib/gcc/arm-none-eabi/4.8/../../../arm-none-eabi/lib/armv7e-m/softfp/libc_nano.a(lib_a-findfp.o)
                0x0000000008001be4                _cleanup_r
 .text.std.isra.0
                0x0000000008001bf0       0x48 /usr/lib/gcc/arm-none-eabi/4.8/../../../arm-none-eabi/lib/armv7e-m/softfp/libc_nano.a(lib_a-findfp.o)
 .text.__sfmoreglue
                0x0000000008001c38       0x2c /usr/lib/gcc/arm-none-eabi/4.8/../../../arm-none-eabi/lib/armv7e-m/softfp/libc_nano.a(lib_a-findfp.o)
                0x0000000008001c38                __sfmoreglue
 .text.__sinit  0x0000000008001c64       0x60 /usr/lib/gcc/arm-none-eabi/4.8/../../../arm-none-eabi/lib/armv7e-m/softfp/libc_nano.a(lib_a-findfp.o)
                0x0000000008001c64                __sinit
 .text.__sfp    0x0000000008001cc4       0x74 /usr/lib/gcc/arm-none-eabi/4.8/../../../arm-none-eabi/lib/armv7e-m/softfp/libc_nano.a(lib_a-findfp.o)
                0x0000000008001cc4                __sfp
 .text.__sfp_lock_acquire
                0x0000000008001d38        0x2 /usr/lib/gcc/arm-none-eabi/4.8/../../../arm-none-eabi/lib/armv7e-m/softfp/libc_nano.a(lib_a-findfp.o)
                0x0000000008001d38                __sfp_lock_acquire
 .text.__sfp_lock_release
                0x0000000008001d3a        0x2 /usr/lib/gcc/arm-none-eabi/4.8/../../../arm-none-eabi/lib/armv7e-m/softfp/libc_nano.a(lib_a-findfp.o)
                0x0000000008001d3a                __sfp_lock_release
 .text._fwalk_reent
                0x0000000008001d3c       0x3c /usr/lib/gcc/arm-none-eabi/4.8/../../../arm-none-eabi/lib/armv7e-m/softfp/libc_nano.a(lib_a-fwalk.o)
                0x0000000008001d3c                _fwalk_reent
 .text.__smakebuf_r
                0x0000000008001d78       0x9c /usr/lib/gcc/arm-none-eabi/4.8/../../../arm-none-eabi/lib/armv7e-m/softfp/libc_nano.a(lib_a-makebuf.o)
                0x0000000008001d78                __smakebuf_r
 .text._free_r  0x0000000008001e14       0x88 /usr/lib/gcc/arm-none-eabi/4.8/../../../arm-none-eabi/lib/armv7e-m/softfp/libc_nano.a(lib_a-nano-freer.o)
                0x0000000008001e14                _free_r
 .text._malloc_r
                0x0000000008001e9c       0xac /usr/lib/gcc/arm-none-eabi/4.8/../../../arm-none-eabi/lib/armv7e-m/softfp/libc_nano.a(lib_a-nano-mallocr.o)
                0x0000000008001e9c                _malloc_r
 .text._sbrk_r  0x0000000008001f48       0x20 /usr/lib/gcc/arm-none-eabi/4.8/../../../arm-none-eabi/lib/armv7e-m/softfp/libc_nano.a(lib_a-sbrkr.o)
                0x0000000008001f48                _sbrk_r
 .text.__sread  0x0000000008001f68       0x22 /usr/lib/gcc/arm-none-eabi/4.8/../../../arm-none-eabi/lib/armv7e-m/softfp/libc_nano.a(lib_a-stdio.o)
                0x0000000008001f68                __sread
 .text.__swrite
                0x0000000008001f8a       0x38 /usr/lib/gcc/arm-none-eabi/4.8/../../../arm-none-eabi/lib/armv7e-m/softfp/libc_nano.a(lib_a-stdio.o)
                0x0000000008001f8a                __swrite
 .text.__sseek  0x0000000008001fc2       0x24 /usr/lib/gcc/arm-none-eabi/4.8/../../../arm-none-eabi/lib/armv7e-m/softfp/libc_nano.a(lib_a-stdio.o)
                0x0000000008001fc2                __sseek
 .text.__sclose
                0x0000000008001fe6        0x8 /usr/lib/gcc/arm-none-eabi/4.8/../../../arm-none-eabi/lib/armv7e-m/softfp/libc_nano.a(lib_a-stdio.o)
                0x0000000008001fe6                __sclose
 *fill*         0x0000000008001fee        0x2 
 .text._write_r
                0x0000000008001ff0       0x24 /usr/lib/gcc/arm-none-eabi/4.8/../../../arm-none-eabi/lib/armv7e-m/softfp/libc_nano.a(lib_a-writer.o)
                0x0000000008001ff0                _write_r
 .text._close_r
                0x0000000008002014       0x20 /usr/lib/gcc/arm-none-eabi/4.8/../../../arm-none-eabi/lib/armv7e-m/softfp/libc_nano.a(lib_a-closer.o)
                0x0000000008002014                _close_r
 .text._fclose_r
                0x0000000008002034       0xa4 /usr/lib/gcc/arm-none-eabi/4.8/../../../arm-none-eabi/lib/armv7e-m/softfp/libc_nano.a(lib_a-fclose.o)
                0x0000000008002034                _fclose_r
 .text._fstat_r
                0x00000000080020d8       0x24 /usr/lib/gcc/arm-none-eabi/4.8/../../../arm-none-eabi/lib/armv7e-m/softfp/libc_nano.a(lib_a-fstatr.o)
                0x00000000080020d8                _fstat_r
 .text._isatty_r
                0x00000000080020fc       0x20 /usr/lib/gcc/arm-none-eabi/4.8/../../../arm-none-eabi/lib/armv7e-m/softfp/libc_nano.a(lib_a-isattyr.o)
                0x00000000080020fc                _isatty_r
 .text._lseek_r
                0x000000000800211c       0x24 /usr/lib/gcc/arm-none-eabi/4.8/../../../arm-none-eabi/lib/armv7e-m/softfp/libc_nano.a(lib_a-lseekr.o)
                0x000000000800211c                _lseek_r
 .text._read_r  0x0000000008002140       0x24 /usr/lib/gcc/arm-none-eabi/4.8/../../../arm-none-eabi/lib/armv7e-m/softfp/libc_nano.a(lib_a-readr.o)
                0x0000000008002140                _read_r
 .text._close   0x0000000008002164       0x10 /usr/lib/gcc/arm-none-eabi/4.8/../../../arm-none-eabi/lib/armv7e-m/softfp/libnosys.a(close.o)
                0x0000000008002164                _close
 .text._fstat   0x0000000008002174       0x10 /usr/lib/gcc/arm-none-eabi/4.8/../../../arm-none-eabi/lib/armv7e-m/softfp/libnosys.a(fstat.o)
                0x0000000008002174                _fstat
 .text._isatty  0x0000000008002184       0x10 /usr/lib/gcc/arm-none-eabi/4.8/../../../arm-none-eabi/lib/armv7e-m/softfp/libnosys.a(isatty.o)
                0x0000000008002184                _isatty
 .text._lseek   0x0000000008002194       0x10 /usr/lib/gcc/arm-none-eabi/4.8/../../../arm-none-eabi/lib/armv7e-m/softfp/libnosys.a(lseek.o)
                0x0000000008002194                _lseek
 .text._read    0x00000000080021a4       0x10 /usr/lib/gcc/arm-none-eabi/4.8/../../../arm-none-eabi/lib/armv7e-m/softfp/libnosys.a(read.o)
                0x00000000080021a4                _read
 .text._sbrk    0x00000000080021b4       0x1c /usr/lib/gcc/arm-none-eabi/4.8/../../../arm-none-eabi/lib/armv7e-m/softfp/libnosys.a(sbrk.o)
                0x00000000080021b4                _sbrk
 .text._write   0x00000000080021d0       0x10 /usr/lib/gcc/arm-none-eabi/4.8/../../../arm-none-eabi/lib/armv7e-m/softfp/libnosys.a(write.o)
                0x00000000080021d0                _write
 *(.glue_7)
 .glue_7        0x00000000080021e0        0x0 linker stubs
 *(.glue_7t)
 .glue_7t       0x00000000080021e0        0x0 linker stubs
 *(.eh_frame)
 .eh_frame      0x00000000080021e0        0x0 /usr/lib/gcc/arm-none-eabi/4.8/armv7e-m/softfp/crtbegin.o
 *(.init)
 .init          0x00000000080021e0        0x4 /usr/lib/gcc/arm-none-eabi/4.8/armv7e-m/softfp/crti.o
                0x00000000080021e0                _init
 .init          0x00000000080021e4        0x8 /usr/lib/gcc/arm-none-eabi/4.8/armv7e-m/softfp/crtn.o
 *(.fini)
 .fini          0x00000000080021ec        0x4 /usr/lib/gcc/arm-none-eabi/4.8/armv7e-m/softfp/crti.o
                0x00000000080021ec                _fini
 .fini          0x00000000080021f0        0x8 /usr/lib/gcc/arm-none-eabi/4.8/armv7e-m/softfp/crtn.o
                0x00000000080021f8                . = ALIGN (0x4)
                0x00000000080021f8                _etext = .

.vfp11_veneer   0x00000000080021f8        0x0
 .vfp11_veneer  0x00000000080021f8        0x0 linker stubs

.v4_bx          0x00000000080021f8        0x0
 .v4_bx         0x00000000080021f8        0x0 linker stubs

.iplt           0x00000000080021f8        0x0
 .iplt          0x00000000080021f8        0x0 /usr/lib/gcc/arm-none-eabi/4.8/armv7e-m/softfp/crtbegin.o

.rodata         0x00000000080021f8       0x88
                0x00000000080021f8                . = ALIGN (0x4)
 *(.rodata)
 .rodata        0x00000000080021f8       0x10 build/main.o
 *(.rodata*)
 .rodata.APBAHBPrescTable
                0x0000000008002208       0x10 build/stm32f4xx_hal_rcc.o
                0x0000000008002208                APBAHBPrescTable
 .rodata.str1.1
                0x0000000008002218        0x2 /usr/lib/gcc/arm-none-eabi/4.8/../../../arm-none-eabi/lib/armv7e-m/softfp/libc_nano.a(lib_a-impure.o)
 *fill*         0x000000000800221a        0x2 
 .rodata._global_impure_ptr
                0x000000000800221c        0x4 /usr/lib/gcc/arm-none-eabi/4.8/../../../arm-none-eabi/lib/armv7e-m/softfp/libc_nano.a(lib_a-impure.o)
                0x000000000800221c                _global_impure_ptr
 .rodata.__sf_fake_stdin
                0x0000000008002220       0x20 /usr/lib/gcc/arm-none-eabi/4.8/../../../arm-none-eabi/lib/armv7e-m/softfp/libc_nano.a(lib_a-findfp.o)
                0x0000000008002220                __sf_fake_stdin
 .rodata.__sf_fake_stdout
                0x0000000008002240       0x20 /usr/lib/gcc/arm-none-eabi/4.8/../../../arm-none-eabi/lib/armv7e-m/softfp/libc_nano.a(lib_a-findfp.o)
                0x0000000008002240                __sf_fake_stdout
 .rodata.__sf_fake_stderr
                0x0000000008002260       0x20 /usr/lib/gcc/arm-none-eabi/4.8/../../../arm-none-eabi/lib/armv7e-m/softfp/libc_nano.a(lib_a-findfp.o)
                0x0000000008002260                __sf_fake_stderr
                0x0000000008002280                . = ALIGN (0x4)

.rel.dyn        0x0000000008002280        0x0
 .rel.iplt      0x0000000008002280        0x0 /usr/lib/gcc/arm-none-eabi/4.8/armv7e-m/softfp/crtbegin.o

.ARM.extab
 *(.ARM.extab* .gnu.linkonce.armextab.*)

.ARM            0x0000000008002280        0x0
                0x0000000008002280                __exidx_start = .
 *(.ARM.exidx*)
                0x0000000008002280                __exidx_end = .

.preinit_array  0x0000000008002280        0x0
                0x0000000008002280                PROVIDE (__preinit_array_start, .)
 *(.preinit_array*)
                0x0000000008002280                PROVIDE (__preinit_array_end, .)

.init_array     0x0000000008002280        0x4
                0x0000000008002280                PROVIDE (__init_array_start, .)
 *(SORT(.init_array.*))
 *(.init_array*)
 .init_array    0x0000000008002280        0x4 /usr/lib/gcc/arm-none-eabi/4.8/armv7e-m/softfp/crtbegin.o
                0x0000000008002284                PROVIDE (__init_array_end, .)

.fini_array     0x0000000008002284        0x4
                0x0000000008002284                PROVIDE (__fini_array_start, .)
 *(SORT(.fini_array.*))
 *(.fini_array*)
 .fini_array    0x0000000008002284        0x4 /usr/lib/gcc/arm-none-eabi/4.8/armv7e-m/softfp/crtbegin.o
                0x0000000008002288                PROVIDE (__fini_array_end, .)
                0x0000000008002288                _sidata = LOADADDR (.data)

.data           0x0000000020000000       0x68 load address 0x0000000008002288
                0x0000000020000000                . = ALIGN (0x4)
                0x0000000020000000                _sdata = .
 *(.data)
 *(.data*)
 .data.SystemCoreClock
                0x0000000020000000        0x4 build/system_stm32f4xx.o
                0x0000000020000000                SystemCoreClock
 .data.impure_data
                0x0000000020000004       0x60 /usr/lib/gcc/arm-none-eabi/4.8/../../../arm-none-eabi/lib/armv7e-m/softfp/libc_nano.a(lib_a-impure.o)
 .data._impure_ptr
                0x0000000020000064        0x4 /usr/lib/gcc/arm-none-eabi/4.8/../../../arm-none-eabi/lib/armv7e-m/softfp/libc_nano.a(lib_a-impure.o)
                0x0000000020000064                _impure_ptr
                0x0000000020000068                . = ALIGN (0x4)
                0x0000000020000068                _edata = .
                0x00000000080022f0                _siccmram = LOADADDR (.ccmram)

.jcr            0x0000000020000068        0x0 load address 0x00000000080022f0
 .jcr           0x0000000020000068        0x0 /usr/lib/gcc/arm-none-eabi/4.8/armv7e-m/softfp/crtbegin.o

.tm_clone_table
                0x0000000020000068        0x0 load address 0x00000000080022f0
 .tm_clone_table
                0x0000000020000068        0x0 /usr/lib/gcc/arm-none-eabi/4.8/armv7e-m/softfp/crtbegin.o
 .tm_clone_table
                0x0000000020000068        0x0 /usr/lib/gcc/arm-none-eabi/4.8/armv7e-m/softfp/crtend.o

.igot.plt       0x0000000020000068        0x0 load address 0x00000000080022f0
 .igot.plt      0x0000000020000068        0x0 /usr/lib/gcc/arm-none-eabi/4.8/armv7e-m/softfp/crtbegin.o

.ccmram         0x0000000010000000        0x0 load address 0x00000000080022f0
                0x0000000010000000                . = ALIGN (0x4)
                0x0000000010000000                _sccmram = .
 *(.ccmram)
 *(.ccmram*)
                0x0000000010000000                . = ALIGN (0x4)
                0x0000000010000000                _eccmram = .
                0x0000000010000000                . = ALIGN (0x4)

.bss            0x0000000020000068       0x30
                0x0000000020000068                _sbss = .
                0x0000000020000068                __bss_start__ = _sbss
 *(.bss)
 .bss           0x0000000020000068       0x1c /usr/lib/gcc/arm-none-eabi/4.8/armv7e-m/softfp/crtbegin.o
 *(.bss*)
 .bss.uwTick    0x0000000020000084        0x4 build/stm32f4xx_hal.o
 .bss.__malloc_sbrk_start
                0x0000000020000088        0x4 /usr/lib/gcc/arm-none-eabi/4.8/../../../arm-none-eabi/lib/armv7e-m/softfp/libc_nano.a(lib_a-nano-mallocr.o)
                0x0000000020000088                __malloc_sbrk_start
 .bss.__malloc_free_list
                0x000000002000008c        0x4 /usr/lib/gcc/arm-none-eabi/4.8/../../../arm-none-eabi/lib/armv7e-m/softfp/libc_nano.a(lib_a-nano-mallocr.o)
                0x000000002000008c                __malloc_free_list
 .bss.heap_end.4064
                0x0000000020000090        0x4 /usr/lib/gcc/arm-none-eabi/4.8/../../../arm-none-eabi/lib/armv7e-m/softfp/libnosys.a(sbrk.o)
 *(COMMON)
 COMMON         0x0000000020000094        0x4 /usr/lib/gcc/arm-none-eabi/4.8/../../../arm-none-eabi/lib/armv7e-m/softfp/libc_nano.a(lib_a-reent.o)
                0x0000000020000094                errno
                0x0000000020000098                . = ALIGN (0x4)
                0x0000000020000098                _ebss = .
                0x0000000020000098                __bss_end__ = _ebss

._user_heap_stack
                0x0000000020000098      0x600
                0x0000000020000098                . = ALIGN (0x8)
                0x0000000020000098                PROVIDE (end, .)
                0x0000000020000098                PROVIDE (_end, .)
                0x0000000020000298                . = (. + _Min_Heap_Size)
 *fill*         0x0000000020000098      0x200 
                0x0000000020000698                . = (. + _Min_Stack_Size)
 *fill*         0x0000000020000298      0x400 
                0x0000000020000698                . = ALIGN (0x8)

/DISCARD/
 libc.a(*)
 libm.a(*)
 libgcc.a(*)

.ARM.attributes
                0x0000000000000000       0x2e
 *(.ARM.attributes)
 .ARM.attributes
                0x0000000000000000       0x22 /usr/lib/gcc/arm-none-eabi/4.8/armv7e-m/softfp/crti.o
 .ARM.attributes
                0x0000000000000022       0x32 /usr/lib/gcc/arm-none-eabi/4.8/armv7e-m/softfp/crtbegin.o
 .ARM.attributes
                0x0000000000000054       0x37 build/system_stm32f4xx.o
 .ARM.attributes
                0x000000000000008b       0x37 build/stm32f4xx_hal.o
 .ARM.attributes
                0x00000000000000c2       0x37 build/stm32f4xx_hal_cortex.o
 .ARM.attributes
                0x00000000000000f9       0x37 build/stm32f4xx_hal_gpio.o
 .ARM.attributes
                0x0000000000000130       0x37 build/stm32f4xx_hal_rcc.o
 .ARM.attributes
                0x0000000000000167       0x37 build/main.o
 .ARM.attributes
                0x000000000000019e       0x37 build/stm32f4xx_hal_msp.o
 .ARM.attributes
                0x00000000000001d5       0x37 build/stm32f4xx_it.o
 .ARM.attributes
                0x000000000000020c       0x21 build/startup_stm32f429xx.o
 .ARM.attributes
                0x000000000000022d       0x32 /usr/lib/gcc/arm-none-eabi/4.8/../../../arm-none-eabi/lib/armv7e-m/softfp/libc_nano.a(lib_a-impure.o)
 .ARM.attributes
                0x000000000000025f       0x32 /usr/lib/gcc/arm-none-eabi/4.8/../../../arm-none-eabi/lib/armv7e-m/softfp/libc_nano.a(lib_a-init.o)
 .ARM.attributes
                0x0000000000000291       0x32 /usr/lib/gcc/arm-none-eabi/4.8/../../../arm-none-eabi/lib/armv7e-m/softfp/libc_nano.a(lib_a-memset.o)
 .ARM.attributes
                0x00000000000002c3       0x32 /usr/lib/gcc/arm-none-eabi/4.8/../../../arm-none-eabi/lib/armv7e-m/softfp/libc_nano.a(lib_a-puts.o)
 .ARM.attributes
                0x00000000000002f5       0x32 /usr/lib/gcc/arm-none-eabi/4.8/../../../arm-none-eabi/lib/armv7e-m/softfp/libc_nano.a(lib_a-wbuf.o)
 .ARM.attributes
                0x0000000000000327       0x32 /usr/lib/gcc/arm-none-eabi/4.8/../../../arm-none-eabi/lib/armv7e-m/softfp/libc_nano.a(lib_a-wsetup.o)
 .ARM.attributes
                0x0000000000000359       0x32 /usr/lib/gcc/arm-none-eabi/4.8/../../../arm-none-eabi/lib/armv7e-m/softfp/libc_nano.a(lib_a-fflush.o)
 .ARM.attributes
                0x000000000000038b       0x32 /usr/lib/gcc/arm-none-eabi/4.8/../../../arm-none-eabi/lib/armv7e-m/softfp/libc_nano.a(lib_a-findfp.o)
 .ARM.attributes
                0x00000000000003bd       0x32 /usr/lib/gcc/arm-none-eabi/4.8/../../../arm-none-eabi/lib/armv7e-m/softfp/libc_nano.a(lib_a-fwalk.o)
 .ARM.attributes
                0x00000000000003ef       0x32 /usr/lib/gcc/arm-none-eabi/4.8/../../../arm-none-eabi/lib/armv7e-m/softfp/libc_nano.a(lib_a-makebuf.o)
 .ARM.attributes
                0x0000000000000421       0x32 /usr/lib/gcc/arm-none-eabi/4.8/../../../arm-none-eabi/lib/armv7e-m/softfp/libc_nano.a(lib_a-nano-freer.o)
 .ARM.attributes
                0x0000000000000453       0x32 /usr/lib/gcc/arm-none-eabi/4.8/../../../arm-none-eabi/lib/armv7e-m/softfp/libc_nano.a(lib_a-nano-mallocr.o)
 .ARM.attributes
                0x0000000000000485       0x32 /usr/lib/gcc/arm-none-eabi/4.8/../../../arm-none-eabi/lib/armv7e-m/softfp/libc_nano.a(lib_a-sbrkr.o)
 .ARM.attributes
                0x00000000000004b7       0x32 /usr/lib/gcc/arm-none-eabi/4.8/../../../arm-none-eabi/lib/armv7e-m/softfp/libc_nano.a(lib_a-stdio.o)
 .ARM.attributes
                0x00000000000004e9       0x32 /usr/lib/gcc/arm-none-eabi/4.8/../../../arm-none-eabi/lib/armv7e-m/softfp/libc_nano.a(lib_a-writer.o)
 .ARM.attributes
                0x000000000000051b       0x32 /usr/lib/gcc/arm-none-eabi/4.8/../../../arm-none-eabi/lib/armv7e-m/softfp/libc_nano.a(lib_a-closer.o)
 .ARM.attributes
                0x000000000000054d       0x32 /usr/lib/gcc/arm-none-eabi/4.8/../../../arm-none-eabi/lib/armv7e-m/softfp/libc_nano.a(lib_a-fclose.o)
 .ARM.attributes
                0x000000000000057f       0x32 /usr/lib/gcc/arm-none-eabi/4.8/../../../arm-none-eabi/lib/armv7e-m/softfp/libc_nano.a(lib_a-fstatr.o)
 .ARM.attributes
                0x00000000000005b1       0x32 /usr/lib/gcc/arm-none-eabi/4.8/../../../arm-none-eabi/lib/armv7e-m/softfp/libc_nano.a(lib_a-isattyr.o)
 .ARM.attributes
                0x00000000000005e3       0x32 /usr/lib/gcc/arm-none-eabi/4.8/../../../arm-none-eabi/lib/armv7e-m/softfp/libc_nano.a(lib_a-lseekr.o)
 .ARM.attributes
                0x0000000000000615       0x32 /usr/lib/gcc/arm-none-eabi/4.8/../../../arm-none-eabi/lib/armv7e-m/softfp/libc_nano.a(lib_a-readr.o)
 .ARM.attributes
                0x0000000000000647       0x32 /usr/lib/gcc/arm-none-eabi/4.8/../../../arm-none-eabi/lib/armv7e-m/softfp/libc_nano.a(lib_a-reent.o)
 .ARM.attributes
                0x0000000000000679       0x32 /usr/lib/gcc/arm-none-eabi/4.8/../../../arm-none-eabi/lib/armv7e-m/softfp/libnosys.a(close.o)
 .ARM.attributes
                0x00000000000006ab       0x32 /usr/lib/gcc/arm-none-eabi/4.8/../../../arm-none-eabi/lib/armv7e-m/softfp/libnosys.a(fstat.o)
 .ARM.attributes
                0x00000000000006dd       0x32 /usr/lib/gcc/arm-none-eabi/4.8/../../../arm-none-eabi/lib/armv7e-m/softfp/libnosys.a(isatty.o)
 .ARM.attributes
                0x000000000000070f       0x32 /usr/lib/gcc/arm-none-eabi/4.8/../../../arm-none-eabi/lib/armv7e-m/softfp/libnosys.a(lseek.o)
 .ARM.attributes
                0x0000000000000741       0x32 /usr/lib/gcc/arm-none-eabi/4.8/../../../arm-none-eabi/lib/armv7e-m/softfp/libnosys.a(read.o)
 .ARM.attributes
                0x0000000000000773       0x32 /usr/lib/gcc/arm-none-eabi/4.8/../../../arm-none-eabi/lib/armv7e-m/softfp/libnosys.a(sbrk.o)
 .ARM.attributes
                0x00000000000007a5       0x32 /usr/lib/gcc/arm-none-eabi/4.8/../../../arm-none-eabi/lib/armv7e-m/softfp/libnosys.a(write.o)
 .ARM.attributes
                0x00000000000007d7       0x32 /usr/lib/gcc/arm-none-eabi/4.8/armv7e-m/softfp/crtend.o
 .ARM.attributes
                0x0000000000000809       0x22 /usr/lib/gcc/arm-none-eabi/4.8/armv7e-m/softfp/crtn.o
OUTPUT(build/Blink.elf elf32-littlearm)

.comment        0x0000000000000000       0x58
 .comment       0x0000000000000000       0x2d /usr/lib/gcc/arm-none-eabi/4.8/armv7e-m/softfp/crtbegin.o
                                         0x2e (size before relaxing)
 .comment       0x000000000000002d       0x2e build/system_stm32f4xx.o
 .comment       0x000000000000002d       0x2e build/stm32f4xx_hal.o
 .comment       0x000000000000002d       0x2e build/stm32f4xx_hal_cortex.o
 .comment       0x000000000000002d       0x2e build/stm32f4xx_hal_gpio.o
 .comment       0x000000000000002d       0x2e build/stm32f4xx_hal_rcc.o
 .comment       0x000000000000002d       0x2e build/main.o
 .comment       0x000000000000002d       0x2e build/stm32f4xx_hal_msp.o
 .comment       0x000000000000002d       0x2e build/stm32f4xx_it.o
 .comment       0x000000000000002d       0x2b /usr/lib/gcc/arm-none-eabi/4.8/../../../arm-none-eabi/lib/armv7e-m/softfp/libc_nano.a(lib_a-impure.o)
                                         0x2c (size before relaxing)
 .comment       0x0000000000000058       0x2c /usr/lib/gcc/arm-none-eabi/4.8/../../../arm-none-eabi/lib/armv7e-m/softfp/libc_nano.a(lib_a-init.o)
 .comment       0x0000000000000058       0x2c /usr/lib/gcc/arm-none-eabi/4.8/../../../arm-none-eabi/lib/armv7e-m/softfp/libc_nano.a(lib_a-memset.o)
 .comment       0x0000000000000058       0x2c /usr/lib/gcc/arm-none-eabi/4.8/../../../arm-none-eabi/lib/armv7e-m/softfp/libc_nano.a(lib_a-puts.o)
 .comment       0x0000000000000058       0x2c /usr/lib/gcc/arm-none-eabi/4.8/../../../arm-none-eabi/lib/armv7e-m/softfp/libc_nano.a(lib_a-wbuf.o)
 .comment       0x0000000000000058       0x2c /usr/lib/gcc/arm-none-eabi/4.8/../../../arm-none-eabi/lib/armv7e-m/softfp/libc_nano.a(lib_a-wsetup.o)
 .comment       0x0000000000000058       0x2c /usr/lib/gcc/arm-none-eabi/4.8/../../../arm-none-eabi/lib/armv7e-m/softfp/libc_nano.a(lib_a-fflush.o)
 .comment       0x0000000000000058       0x2c /usr/lib/gcc/arm-none-eabi/4.8/../../../arm-none-eabi/lib/armv7e-m/softfp/libc_nano.a(lib_a-findfp.o)
 .comment       0x0000000000000058       0x2c /usr/lib/gcc/arm-none-eabi/4.8/../../../arm-none-eabi/lib/armv7e-m/softfp/libc_nano.a(lib_a-fwalk.o)
 .comment       0x0000000000000058       0x2c /usr/lib/gcc/arm-none-eabi/4.8/../../../arm-none-eabi/lib/armv7e-m/softfp/libc_nano.a(lib_a-makebuf.o)
 .comment       0x0000000000000058       0x2c /usr/lib/gcc/arm-none-eabi/4.8/../../../arm-none-eabi/lib/armv7e-m/softfp/libc_nano.a(lib_a-nano-freer.o)
 .comment       0x0000000000000058       0x2c /usr/lib/gcc/arm-none-eabi/4.8/../../../arm-none-eabi/lib/armv7e-m/softfp/libc_nano.a(lib_a-nano-mallocr.o)
 .comment       0x0000000000000058       0x2c /usr/lib/gcc/arm-none-eabi/4.8/../../../arm-none-eabi/lib/armv7e-m/softfp/libc_nano.a(lib_a-sbrkr.o)
 .comment       0x0000000000000058       0x2c /usr/lib/gcc/arm-none-eabi/4.8/../../../arm-none-eabi/lib/armv7e-m/softfp/libc_nano.a(lib_a-stdio.o)
 .comment       0x0000000000000058       0x2c /usr/lib/gcc/arm-none-eabi/4.8/../../../arm-none-eabi/lib/armv7e-m/softfp/libc_nano.a(lib_a-writer.o)
 .comment       0x0000000000000058       0x2c /usr/lib/gcc/arm-none-eabi/4.8/../../../arm-none-eabi/lib/armv7e-m/softfp/libc_nano.a(lib_a-closer.o)
 .comment       0x0000000000000058       0x2c /usr/lib/gcc/arm-none-eabi/4.8/../../../arm-none-eabi/lib/armv7e-m/softfp/libc_nano.a(lib_a-fclose.o)
 .comment       0x0000000000000058       0x2c /usr/lib/gcc/arm-none-eabi/4.8/../../../arm-none-eabi/lib/armv7e-m/softfp/libc_nano.a(lib_a-fstatr.o)
 .comment       0x0000000000000058       0x2c /usr/lib/gcc/arm-none-eabi/4.8/../../../arm-none-eabi/lib/armv7e-m/softfp/libc_nano.a(lib_a-isattyr.o)
 .comment       0x0000000000000058       0x2c /usr/lib/gcc/arm-none-eabi/4.8/../../../arm-none-eabi/lib/armv7e-m/softfp/libc_nano.a(lib_a-lseekr.o)
 .comment       0x0000000000000058       0x2c /usr/lib/gcc/arm-none-eabi/4.8/../../../arm-none-eabi/lib/armv7e-m/softfp/libc_nano.a(lib_a-readr.o)
 .comment       0x0000000000000058       0x2c /usr/lib/gcc/arm-none-eabi/4.8/../../../arm-none-eabi/lib/armv7e-m/softfp/libc_nano.a(lib_a-reent.o)
 .comment       0x0000000000000058       0x2c /usr/lib/gcc/arm-none-eabi/4.8/../../../arm-none-eabi/lib/armv7e-m/softfp/libnosys.a(close.o)
 .comment       0x0000000000000058       0x2c /usr/lib/gcc/arm-none-eabi/4.8/../../../arm-none-eabi/lib/armv7e-m/softfp/libnosys.a(fstat.o)
 .comment       0x0000000000000058       0x2c /usr/lib/gcc/arm-none-eabi/4.8/../../../arm-none-eabi/lib/armv7e-m/softfp/libnosys.a(isatty.o)
 .comment       0x0000000000000058       0x2c /usr/lib/gcc/arm-none-eabi/4.8/../../../arm-none-eabi/lib/armv7e-m/softfp/libnosys.a(lseek.o)
 .comment       0x0000000000000058       0x2c /usr/lib/gcc/arm-none-eabi/4.8/../../../arm-none-eabi/lib/armv7e-m/softfp/libnosys.a(read.o)
 .comment       0x0000000000000058       0x2c /usr/lib/gcc/arm-none-eabi/4.8/../../../arm-none-eabi/lib/armv7e-m/softfp/libnosys.a(sbrk.o)
 .comment       0x0000000000000058       0x2c /usr/lib/gcc/arm-none-eabi/4.8/../../../arm-none-eabi/lib/armv7e-m/softfp/libnosys.a(write.o)
 .comment       0x0000000000000058       0x2e /usr/lib/gcc/arm-none-eabi/4.8/armv7e-m/softfp/crtend.o

.debug_info     0x0000000000000000     0xf6ff
 .debug_info    0x0000000000000000      0x53b build/system_stm32f4xx.o
 .debug_info    0x000000000000053b      0x9fc build/stm32f4xx_hal.o
 .debug_info    0x0000000000000f37      0xe4e build/stm32f4xx_hal_cortex.o
 .debug_info    0x0000000000001d85      0x7b6 build/stm32f4xx_hal_gpio.o
 .debug_info    0x000000000000253b      0xc11 build/stm32f4xx_hal_rcc.o
 .debug_info    0x000000000000314c      0x959 build/main.o
 .debug_info    0x0000000000003aa5      0x342 build/stm32f4xx_hal_msp.o
 .debug_info    0x0000000000003de7       0xbd build/stm32f4xx_it.o
 .debug_info    0x0000000000003ea4       0x9a build/startup_stm32f429xx.o
 .debug_info    0x0000000000003f3e      0x7d3 /usr/lib/gcc/arm-none-eabi/4.8/../../../arm-none-eabi/lib/armv7e-m/softfp/libc_nano.a(lib_a-impure.o)
 .debug_info    0x0000000000004711      0x105 /usr/lib/gcc/arm-none-eabi/4.8/../../../arm-none-eabi/lib/armv7e-m/softfp/libc_nano.a(lib_a-init.o)
 .debug_info    0x0000000000004816       0xd3 /usr/lib/gcc/arm-none-eabi/4.8/../../../arm-none-eabi/lib/armv7e-m/softfp/libc_nano.a(lib_a-memset.o)
 .debug_info    0x00000000000048e9      0x866 /usr/lib/gcc/arm-none-eabi/4.8/../../../arm-none-eabi/lib/armv7e-m/softfp/libc_nano.a(lib_a-puts.o)
 .debug_info    0x000000000000514f      0x916 /usr/lib/gcc/arm-none-eabi/4.8/../../../arm-none-eabi/lib/armv7e-m/softfp/libc_nano.a(lib_a-wbuf.o)
 .debug_info    0x0000000000005a65      0x881 /usr/lib/gcc/arm-none-eabi/4.8/../../../arm-none-eabi/lib/armv7e-m/softfp/libc_nano.a(lib_a-wsetup.o)
 .debug_info    0x00000000000062e6      0x9fe /usr/lib/gcc/arm-none-eabi/4.8/../../../arm-none-eabi/lib/armv7e-m/softfp/libc_nano.a(lib_a-fflush.o)
 .debug_info    0x0000000000006ce4      0xd2c /usr/lib/gcc/arm-none-eabi/4.8/../../../arm-none-eabi/lib/armv7e-m/softfp/libc_nano.a(lib_a-findfp.o)
 .debug_info    0x0000000000007a10      0x846 /usr/lib/gcc/arm-none-eabi/4.8/../../../arm-none-eabi/lib/armv7e-m/softfp/libc_nano.a(lib_a-fwalk.o)
 .debug_info    0x0000000000008256      0x98c /usr/lib/gcc/arm-none-eabi/4.8/../../../arm-none-eabi/lib/armv7e-m/softfp/libc_nano.a(lib_a-makebuf.o)
 .debug_info    0x0000000000008be2      0x81a /usr/lib/gcc/arm-none-eabi/4.8/../../../arm-none-eabi/lib/armv7e-m/softfp/libc_nano.a(lib_a-nano-freer.o)
 .debug_info    0x00000000000093fc      0x8fb /usr/lib/gcc/arm-none-eabi/4.8/../../../arm-none-eabi/lib/armv7e-m/softfp/libc_nano.a(lib_a-nano-mallocr.o)
 .debug_info    0x0000000000009cf7      0x7a0 /usr/lib/gcc/arm-none-eabi/4.8/../../../arm-none-eabi/lib/armv7e-m/softfp/libc_nano.a(lib_a-sbrkr.o)
 .debug_info    0x000000000000a497      0xa36 /usr/lib/gcc/arm-none-eabi/4.8/../../../arm-none-eabi/lib/armv7e-m/softfp/libc_nano.a(lib_a-stdio.o)
 .debug_info    0x000000000000aecd      0x7d5 /usr/lib/gcc/arm-none-eabi/4.8/../../../arm-none-eabi/lib/armv7e-m/softfp/libc_nano.a(lib_a-writer.o)
 .debug_info    0x000000000000b6a2      0x78c /usr/lib/gcc/arm-none-eabi/4.8/../../../arm-none-eabi/lib/armv7e-m/softfp/libc_nano.a(lib_a-closer.o)
 .debug_info    0x000000000000be2e      0x932 /usr/lib/gcc/arm-none-eabi/4.8/../../../arm-none-eabi/lib/armv7e-m/softfp/libc_nano.a(lib_a-fclose.o)
 .debug_info    0x000000000000c760      0x90a /usr/lib/gcc/arm-none-eabi/4.8/../../../arm-none-eabi/lib/armv7e-m/softfp/libc_nano.a(lib_a-fstatr.o)
 .debug_info    0x000000000000d06a      0x78c /usr/lib/gcc/arm-none-eabi/4.8/../../../arm-none-eabi/lib/armv7e-m/softfp/libc_nano.a(lib_a-isattyr.o)
 .debug_info    0x000000000000d7f6      0x7b8 /usr/lib/gcc/arm-none-eabi/4.8/../../../arm-none-eabi/lib/armv7e-m/softfp/libc_nano.a(lib_a-lseekr.o)
 .debug_info    0x000000000000dfae      0x7ce /usr/lib/gcc/arm-none-eabi/4.8/../../../arm-none-eabi/lib/armv7e-m/softfp/libc_nano.a(lib_a-readr.o)
 .debug_info    0x000000000000e77c      0x8f7 /usr/lib/gcc/arm-none-eabi/4.8/../../../arm-none-eabi/lib/armv7e-m/softfp/libc_nano.a(lib_a-reent.o)
 .debug_info    0x000000000000f073       0xae /usr/lib/gcc/arm-none-eabi/4.8/../../../arm-none-eabi/lib/armv7e-m/softfp/libnosys.a(close.o)
 .debug_info    0x000000000000f121      0x22d /usr/lib/gcc/arm-none-eabi/4.8/../../../arm-none-eabi/lib/armv7e-m/softfp/libnosys.a(fstat.o)
 .debug_info    0x000000000000f34e       0xae /usr/lib/gcc/arm-none-eabi/4.8/../../../arm-none-eabi/lib/armv7e-m/softfp/libnosys.a(isatty.o)
 .debug_info    0x000000000000f3fc       0xca /usr/lib/gcc/arm-none-eabi/4.8/../../../arm-none-eabi/lib/armv7e-m/softfp/libnosys.a(lseek.o)
 .debug_info    0x000000000000f4c6       0xd0 /usr/lib/gcc/arm-none-eabi/4.8/../../../arm-none-eabi/lib/armv7e-m/softfp/libnosys.a(read.o)
 .debug_info    0x000000000000f596       0x99 /usr/lib/gcc/arm-none-eabi/4.8/../../../arm-none-eabi/lib/armv7e-m/softfp/libnosys.a(sbrk.o)
 .debug_info    0x000000000000f62f       0xd0 /usr/lib/gcc/arm-none-eabi/4.8/../../../arm-none-eabi/lib/armv7e-m/softfp/libnosys.a(write.o)

.debug_abbrev   0x0000000000000000     0x3560
 .debug_abbrev  0x0000000000000000      0x103 build/system_stm32f4xx.o
 .debug_abbrev  0x0000000000000103      0x1f0 build/stm32f4xx_hal.o
 .debug_abbrev  0x00000000000002f3      0x2a2 build/stm32f4xx_hal_cortex.o
 .debug_abbrev  0x0000000000000595      0x1ac build/stm32f4xx_hal_gpio.o
 .debug_abbrev  0x0000000000000741      0x296 build/stm32f4xx_hal_rcc.o
 .debug_abbrev  0x00000000000009d7      0x14b build/main.o
 .debug_abbrev  0x0000000000000b22       0x7f build/stm32f4xx_hal_msp.o
 .debug_abbrev  0x0000000000000ba1       0x69 build/stm32f4xx_it.o
 .debug_abbrev  0x0000000000000c0a       0x12 build/startup_stm32f429xx.o
 .debug_abbrev  0x0000000000000c1c      0x136 /usr/lib/gcc/arm-none-eabi/4.8/../../../arm-none-eabi/lib/armv7e-m/softfp/libc_nano.a(lib_a-impure.o)
 .debug_abbrev  0x0000000000000d52       0xba /usr/lib/gcc/arm-none-eabi/4.8/../../../arm-none-eabi/lib/armv7e-m/softfp/libc_nano.a(lib_a-init.o)
 .debug_abbrev  0x0000000000000e0c       0x8e /usr/lib/gcc/arm-none-eabi/4.8/../../../arm-none-eabi/lib/armv7e-m/softfp/libc_nano.a(lib_a-memset.o)
 .debug_abbrev  0x0000000000000e9a      0x208 /usr/lib/gcc/arm-none-eabi/4.8/../../../arm-none-eabi/lib/armv7e-m/softfp/libc_nano.a(lib_a-puts.o)
 .debug_abbrev  0x00000000000010a2      0x1f7 /usr/lib/gcc/arm-none-eabi/4.8/../../../arm-none-eabi/lib/armv7e-m/softfp/libc_nano.a(lib_a-wbuf.o)
 .debug_abbrev  0x0000000000001299      0x1a5 /usr/lib/gcc/arm-none-eabi/4.8/../../../arm-none-eabi/lib/armv7e-m/softfp/libc_nano.a(lib_a-wsetup.o)
 .debug_abbrev  0x000000000000143e      0x23f /usr/lib/gcc/arm-none-eabi/4.8/../../../arm-none-eabi/lib/armv7e-m/softfp/libc_nano.a(lib_a-fflush.o)
 .debug_abbrev  0x000000000000167d      0x2d7 /usr/lib/gcc/arm-none-eabi/4.8/../../../arm-none-eabi/lib/armv7e-m/softfp/libc_nano.a(lib_a-findfp.o)
 .debug_abbrev  0x0000000000001954      0x176 /usr/lib/gcc/arm-none-eabi/4.8/../../../arm-none-eabi/lib/armv7e-m/softfp/libc_nano.a(lib_a-fwalk.o)
 .debug_abbrev  0x0000000000001aca      0x1ab /usr/lib/gcc/arm-none-eabi/4.8/../../../arm-none-eabi/lib/armv7e-m/softfp/libc_nano.a(lib_a-makebuf.o)
 .debug_abbrev  0x0000000000001c75      0x1b6 /usr/lib/gcc/arm-none-eabi/4.8/../../../arm-none-eabi/lib/armv7e-m/softfp/libc_nano.a(lib_a-nano-freer.o)
 .debug_abbrev  0x0000000000001e2b      0x250 /usr/lib/gcc/arm-none-eabi/4.8/../../../arm-none-eabi/lib/armv7e-m/softfp/libc_nano.a(lib_a-nano-mallocr.o)
 .debug_abbrev  0x000000000000207b      0x1a2 /usr/lib/gcc/arm-none-eabi/4.8/../../../arm-none-eabi/lib/armv7e-m/softfp/libc_nano.a(lib_a-sbrkr.o)
 .debug_abbrev  0x000000000000221d      0x1eb /usr/lib/gcc/arm-none-eabi/4.8/../../../arm-none-eabi/lib/armv7e-m/softfp/libc_nano.a(lib_a-stdio.o)
 .debug_abbrev  0x0000000000002408      0x199 /usr/lib/gcc/arm-none-eabi/4.8/../../../arm-none-eabi/lib/armv7e-m/softfp/libc_nano.a(lib_a-writer.o)
 .debug_abbrev  0x00000000000025a1      0x194 /usr/lib/gcc/arm-none-eabi/4.8/../../../arm-none-eabi/lib/armv7e-m/softfp/libc_nano.a(lib_a-closer.o)
 .debug_abbrev  0x0000000000002735      0x21a /usr/lib/gcc/arm-none-eabi/4.8/../../../arm-none-eabi/lib/armv7e-m/softfp/libc_nano.a(lib_a-fclose.o)
 .debug_abbrev  0x000000000000294f      0x1a3 /usr/lib/gcc/arm-none-eabi/4.8/../../../arm-none-eabi/lib/armv7e-m/softfp/libc_nano.a(lib_a-fstatr.o)
 .debug_abbrev  0x0000000000002af2      0x194 /usr/lib/gcc/arm-none-eabi/4.8/../../../arm-none-eabi/lib/armv7e-m/softfp/libc_nano.a(lib_a-isattyr.o)
 .debug_abbrev  0x0000000000002c86      0x1a3 /usr/lib/gcc/arm-none-eabi/4.8/../../../arm-none-eabi/lib/armv7e-m/softfp/libc_nano.a(lib_a-lseekr.o)
 .debug_abbrev  0x0000000000002e29      0x194 /usr/lib/gcc/arm-none-eabi/4.8/../../../arm-none-eabi/lib/armv7e-m/softfp/libc_nano.a(lib_a-readr.o)
 .debug_abbrev  0x0000000000002fbd      0x1fb /usr/lib/gcc/arm-none-eabi/4.8/../../../arm-none-eabi/lib/armv7e-m/softfp/libc_nano.a(lib_a-reent.o)
 .debug_abbrev  0x00000000000031b8       0x66 /usr/lib/gcc/arm-none-eabi/4.8/../../../arm-none-eabi/lib/armv7e-m/softfp/libnosys.a(close.o)
 .debug_abbrev  0x000000000000321e       0xbb /usr/lib/gcc/arm-none-eabi/4.8/../../../arm-none-eabi/lib/armv7e-m/softfp/libnosys.a(fstat.o)
 .debug_abbrev  0x00000000000032d9       0x66 /usr/lib/gcc/arm-none-eabi/4.8/../../../arm-none-eabi/lib/armv7e-m/softfp/libnosys.a(isatty.o)
 .debug_abbrev  0x000000000000333f       0x84 /usr/lib/gcc/arm-none-eabi/4.8/../../../arm-none-eabi/lib/armv7e-m/softfp/libnosys.a(lseek.o)
 .debug_abbrev  0x00000000000033c3       0x8d /usr/lib/gcc/arm-none-eabi/4.8/../../../arm-none-eabi/lib/armv7e-m/softfp/libnosys.a(read.o)
 .debug_abbrev  0x0000000000003450       0x83 /usr/lib/gcc/arm-none-eabi/4.8/../../../arm-none-eabi/lib/armv7e-m/softfp/libnosys.a(sbrk.o)
 .debug_abbrev  0x00000000000034d3       0x8d /usr/lib/gcc/arm-none-eabi/4.8/../../../arm-none-eabi/lib/armv7e-m/softfp/libnosys.a(write.o)

.debug_loc      0x0000000000000000     0x26a7
 .debug_loc     0x0000000000000000       0x64 build/system_stm32f4xx.o
 .debug_loc     0x0000000000000064      0x43c build/stm32f4xx_hal.o
 .debug_loc     0x00000000000004a0      0x648 build/stm32f4xx_hal_cortex.o
 .debug_loc     0x0000000000000ae8      0x1c0 build/stm32f4xx_hal_gpio.o
 .debug_loc     0x0000000000000ca8      0x2d6 build/stm32f4xx_hal_rcc.o
 .debug_loc     0x0000000000000f7e       0xa0 build/main.o
 .debug_loc     0x000000000000101e       0x2c build/stm32f4xx_hal_msp.o
 .debug_loc     0x000000000000104a       0x2c build/stm32f4xx_it.o
 .debug_loc     0x0000000000001076       0x54 /usr/lib/gcc/arm-none-eabi/4.8/../../../arm-none-eabi/lib/armv7e-m/softfp/libc_nano.a(lib_a-init.o)
 .debug_loc     0x00000000000010ca       0x57 /usr/lib/gcc/arm-none-eabi/4.8/../../../arm-none-eabi/lib/armv7e-m/softfp/libc_nano.a(lib_a-memset.o)
 .debug_loc     0x0000000000001121      0x129 /usr/lib/gcc/arm-none-eabi/4.8/../../../arm-none-eabi/lib/armv7e-m/softfp/libc_nano.a(lib_a-puts.o)
 .debug_loc     0x000000000000124a      0x11e /usr/lib/gcc/arm-none-eabi/4.8/../../../arm-none-eabi/lib/armv7e-m/softfp/libc_nano.a(lib_a-wbuf.o)
 .debug_loc     0x0000000000001368       0x5d /usr/lib/gcc/arm-none-eabi/4.8/../../../arm-none-eabi/lib/armv7e-m/softfp/libc_nano.a(lib_a-wsetup.o)
 .debug_loc     0x00000000000013c5      0x24c /usr/lib/gcc/arm-none-eabi/4.8/../../../arm-none-eabi/lib/armv7e-m/softfp/libc_nano.a(lib_a-fflush.o)
 .debug_loc     0x0000000000001611      0x1e2 /usr/lib/gcc/arm-none-eabi/4.8/../../../arm-none-eabi/lib/armv7e-m/softfp/libc_nano.a(lib_a-findfp.o)
 .debug_loc     0x00000000000017f3      0x11f /usr/lib/gcc/arm-none-eabi/4.8/../../../arm-none-eabi/lib/armv7e-m/softfp/libc_nano.a(lib_a-fwalk.o)
 .debug_loc     0x0000000000001912       0xee /usr/lib/gcc/arm-none-eabi/4.8/../../../arm-none-eabi/lib/armv7e-m/softfp/libc_nano.a(lib_a-makebuf.o)
 .debug_loc     0x0000000000001a00      0x172 /usr/lib/gcc/arm-none-eabi/4.8/../../../arm-none-eabi/lib/armv7e-m/softfp/libc_nano.a(lib_a-nano-freer.o)
 .debug_loc     0x0000000000001b72      0x26a /usr/lib/gcc/arm-none-eabi/4.8/../../../arm-none-eabi/lib/armv7e-m/softfp/libc_nano.a(lib_a-nano-mallocr.o)
 .debug_loc     0x0000000000001ddc       0x4d /usr/lib/gcc/arm-none-eabi/4.8/../../../arm-none-eabi/lib/armv7e-m/softfp/libc_nano.a(lib_a-sbrkr.o)
 .debug_loc     0x0000000000001e29      0x236 /usr/lib/gcc/arm-none-eabi/4.8/../../../arm-none-eabi/lib/armv7e-m/softfp/libc_nano.a(lib_a-stdio.o)
 .debug_loc     0x000000000000205f       0xa5 /usr/lib/gcc/arm-none-eabi/4.8/../../../arm-none-eabi/lib/armv7e-m/softfp/libc_nano.a(lib_a-writer.o)
 .debug_loc     0x0000000000002104       0x4d /usr/lib/gcc/arm-none-eabi/4.8/../../../arm-none-eabi/lib/armv7e-m/softfp/libc_nano.a(lib_a-closer.o)
 .debug_loc     0x0000000000002151       0xf7 /usr/lib/gcc/arm-none-eabi/4.8/../../../arm-none-eabi/lib/armv7e-m/softfp/libc_nano.a(lib_a-fclose.o)
 .debug_loc     0x0000000000002248       0x79 /usr/lib/gcc/arm-none-eabi/4.8/../../../arm-none-eabi/lib/armv7e-m/softfp/libc_nano.a(lib_a-fstatr.o)
 .debug_loc     0x00000000000022c1       0x4d /usr/lib/gcc/arm-none-eabi/4.8/../../../arm-none-eabi/lib/armv7e-m/softfp/libc_nano.a(lib_a-isattyr.o)
 .debug_loc     0x000000000000230e       0xa5 /usr/lib/gcc/arm-none-eabi/4.8/../../../arm-none-eabi/lib/armv7e-m/softfp/libc_nano.a(lib_a-lseekr.o)
 .debug_loc     0x00000000000023b3       0xa5 /usr/lib/gcc/arm-none-eabi/4.8/../../../arm-none-eabi/lib/armv7e-m/softfp/libc_nano.a(lib_a-readr.o)
 .debug_loc     0x0000000000002458      0x105 /usr/lib/gcc/arm-none-eabi/4.8/../../../arm-none-eabi/lib/armv7e-m/softfp/libc_nano.a(lib_a-reent.o)
 .debug_loc     0x000000000000255d       0x21 /usr/lib/gcc/arm-none-eabi/4.8/../../../arm-none-eabi/lib/armv7e-m/softfp/libnosys.a(close.o)
 .debug_loc     0x000000000000257e       0x21 /usr/lib/gcc/arm-none-eabi/4.8/../../../arm-none-eabi/lib/armv7e-m/softfp/libnosys.a(fstat.o)
 .debug_loc     0x000000000000259f       0x21 /usr/lib/gcc/arm-none-eabi/4.8/../../../arm-none-eabi/lib/armv7e-m/softfp/libnosys.a(isatty.o)
 .debug_loc     0x00000000000025c0       0x42 /usr/lib/gcc/arm-none-eabi/4.8/../../../arm-none-eabi/lib/armv7e-m/softfp/libnosys.a(lseek.o)
 .debug_loc     0x0000000000002602       0x42 /usr/lib/gcc/arm-none-eabi/4.8/../../../arm-none-eabi/lib/armv7e-m/softfp/libnosys.a(read.o)
 .debug_loc     0x0000000000002644       0x21 /usr/lib/gcc/arm-none-eabi/4.8/../../../arm-none-eabi/lib/armv7e-m/softfp/libnosys.a(sbrk.o)
 .debug_loc     0x0000000000002665       0x42 /usr/lib/gcc/arm-none-eabi/4.8/../../../arm-none-eabi/lib/armv7e-m/softfp/libnosys.a(write.o)

.debug_aranges  0x0000000000000000      0x7d0
 .debug_aranges
                0x0000000000000000       0x28 build/system_stm32f4xx.o
 .debug_aranges
                0x0000000000000028       0xd0 build/stm32f4xx_hal.o
 .debug_aranges
                0x00000000000000f8      0x108 build/stm32f4xx_hal_cortex.o
 .debug_aranges
                0x0000000000000200       0x58 build/stm32f4xx_hal_gpio.o
 .debug_aranges
                0x0000000000000258       0x88 build/stm32f4xx_hal_rcc.o
 .debug_aranges
                0x00000000000002e0       0x30 build/main.o
 .debug_aranges
                0x0000000000000310       0x20 build/stm32f4xx_hal_msp.o
 .debug_aranges
                0x0000000000000330       0x20 build/stm32f4xx_it.o
 .debug_aranges
                0x0000000000000350       0x28 build/startup_stm32f429xx.o
 .debug_aranges
                0x0000000000000378       0x18 /usr/lib/gcc/arm-none-eabi/4.8/../../../arm-none-eabi/lib/armv7e-m/softfp/libc_nano.a(lib_a-impure.o)
 .debug_aranges
                0x0000000000000390       0x20 /usr/lib/gcc/arm-none-eabi/4.8/../../../arm-none-eabi/lib/armv7e-m/softfp/libc_nano.a(lib_a-init.o)
 .debug_aranges
                0x00000000000003b0       0x20 /usr/lib/gcc/arm-none-eabi/4.8/../../../arm-none-eabi/lib/armv7e-m/softfp/libc_nano.a(lib_a-memset.o)
 .debug_aranges
                0x00000000000003d0       0x28 /usr/lib/gcc/arm-none-eabi/4.8/../../../arm-none-eabi/lib/armv7e-m/softfp/libc_nano.a(lib_a-puts.o)
 .debug_aranges
                0x00000000000003f8       0x28 /usr/lib/gcc/arm-none-eabi/4.8/../../../arm-none-eabi/lib/armv7e-m/softfp/libc_nano.a(lib_a-wbuf.o)
 .debug_aranges
                0x0000000000000420       0x20 /usr/lib/gcc/arm-none-eabi/4.8/../../../arm-none-eabi/lib/armv7e-m/softfp/libc_nano.a(lib_a-wsetup.o)
 .debug_aranges
                0x0000000000000440       0x30 /usr/lib/gcc/arm-none-eabi/4.8/../../../arm-none-eabi/lib/armv7e-m/softfp/libc_nano.a(lib_a-fflush.o)
 .debug_aranges
                0x0000000000000470       0x88 /usr/lib/gcc/arm-none-eabi/4.8/../../../arm-none-eabi/lib/armv7e-m/softfp/libc_nano.a(lib_a-findfp.o)
 .debug_aranges
                0x00000000000004f8       0x28 /usr/lib/gcc/arm-none-eabi/4.8/../../../arm-none-eabi/lib/armv7e-m/softfp/libc_nano.a(lib_a-fwalk.o)
 .debug_aranges
                0x0000000000000520       0x20 /usr/lib/gcc/arm-none-eabi/4.8/../../../arm-none-eabi/lib/armv7e-m/softfp/libc_nano.a(lib_a-makebuf.o)
 .debug_aranges
                0x0000000000000540       0x20 /usr/lib/gcc/arm-none-eabi/4.8/../../../arm-none-eabi/lib/armv7e-m/softfp/libc_nano.a(lib_a-nano-freer.o)
 .debug_aranges
                0x0000000000000560       0x20 /usr/lib/gcc/arm-none-eabi/4.8/../../../arm-none-eabi/lib/armv7e-m/softfp/libc_nano.a(lib_a-nano-mallocr.o)
 .debug_aranges
                0x0000000000000580       0x20 /usr/lib/gcc/arm-none-eabi/4.8/../../../arm-none-eabi/lib/armv7e-m/softfp/libc_nano.a(lib_a-sbrkr.o)
 .debug_aranges
                0x00000000000005a0       0x40 /usr/lib/gcc/arm-none-eabi/4.8/../../../arm-none-eabi/lib/armv7e-m/softfp/libc_nano.a(lib_a-stdio.o)
 .debug_aranges
                0x00000000000005e0       0x20 /usr/lib/gcc/arm-none-eabi/4.8/../../../arm-none-eabi/lib/armv7e-m/softfp/libc_nano.a(lib_a-writer.o)
 .debug_aranges
                0x0000000000000600       0x20 /usr/lib/gcc/arm-none-eabi/4.8/../../../arm-none-eabi/lib/armv7e-m/softfp/libc_nano.a(lib_a-closer.o)
 .debug_aranges
                0x0000000000000620       0x28 /usr/lib/gcc/arm-none-eabi/4.8/../../../arm-none-eabi/lib/armv7e-m/softfp/libc_nano.a(lib_a-fclose.o)
 .debug_aranges
                0x0000000000000648       0x20 /usr/lib/gcc/arm-none-eabi/4.8/../../../arm-none-eabi/lib/armv7e-m/softfp/libc_nano.a(lib_a-fstatr.o)
 .debug_aranges
                0x0000000000000668       0x20 /usr/lib/gcc/arm-none-eabi/4.8/../../../arm-none-eabi/lib/armv7e-m/softfp/libc_nano.a(lib_a-isattyr.o)
 .debug_aranges
                0x0000000000000688       0x20 /usr/lib/gcc/arm-none-eabi/4.8/../../../arm-none-eabi/lib/armv7e-m/softfp/libc_nano.a(lib_a-lseekr.o)
 .debug_aranges
                0x00000000000006a8       0x20 /usr/lib/gcc/arm-none-eabi/4.8/../../../arm-none-eabi/lib/armv7e-m/softfp/libc_nano.a(lib_a-readr.o)
 .debug_aranges
                0x00000000000006c8       0x28 /usr/lib/gcc/arm-none-eabi/4.8/../../../arm-none-eabi/lib/armv7e-m/softfp/libc_nano.a(lib_a-reent.o)
 .debug_aranges
                0x00000000000006f0       0x20 /usr/lib/gcc/arm-none-eabi/4.8/../../../arm-none-eabi/lib/armv7e-m/softfp/libnosys.a(close.o)
 .debug_aranges
                0x0000000000000710       0x20 /usr/lib/gcc/arm-none-eabi/4.8/../../../arm-none-eabi/lib/armv7e-m/softfp/libnosys.a(fstat.o)
 .debug_aranges
                0x0000000000000730       0x20 /usr/lib/gcc/arm-none-eabi/4.8/../../../arm-none-eabi/lib/armv7e-m/softfp/libnosys.a(isatty.o)
 .debug_aranges
                0x0000000000000750       0x20 /usr/lib/gcc/arm-none-eabi/4.8/../../../arm-none-eabi/lib/armv7e-m/softfp/libnosys.a(lseek.o)
 .debug_aranges
                0x0000000000000770       0x20 /usr/lib/gcc/arm-none-eabi/4.8/../../../arm-none-eabi/lib/armv7e-m/softfp/libnosys.a(read.o)
 .debug_aranges
                0x0000000000000790       0x20 /usr/lib/gcc/arm-none-eabi/4.8/../../../arm-none-eabi/lib/armv7e-m/softfp/libnosys.a(sbrk.o)
 .debug_aranges
                0x00000000000007b0       0x20 /usr/lib/gcc/arm-none-eabi/4.8/../../../arm-none-eabi/lib/armv7e-m/softfp/libnosys.a(write.o)

.debug_ranges   0x0000000000000000      0x5d8
 .debug_ranges  0x0000000000000000       0x18 build/system_stm32f4xx.o
 .debug_ranges  0x0000000000000018       0xc0 build/stm32f4xx_hal.o
 .debug_ranges  0x00000000000000d8       0xf8 build/stm32f4xx_hal_cortex.o
 .debug_ranges  0x00000000000001d0       0x48 build/stm32f4xx_hal_gpio.o
 .debug_ranges  0x0000000000000218       0x78 build/stm32f4xx_hal_rcc.o
 .debug_ranges  0x0000000000000290       0x20 build/main.o
 .debug_ranges  0x00000000000002b0       0x10 build/stm32f4xx_hal_msp.o
 .debug_ranges  0x00000000000002c0       0x10 build/stm32f4xx_it.o
 .debug_ranges  0x00000000000002d0       0x20 build/startup_stm32f429xx.o
 .debug_ranges  0x00000000000002f0       0x10 /usr/lib/gcc/arm-none-eabi/4.8/../../../arm-none-eabi/lib/armv7e-m/softfp/libc_nano.a(lib_a-init.o)
 .debug_ranges  0x0000000000000300       0x10 /usr/lib/gcc/arm-none-eabi/4.8/../../../arm-none-eabi/lib/armv7e-m/softfp/libc_nano.a(lib_a-memset.o)
 .debug_ranges  0x0000000000000310       0x18 /usr/lib/gcc/arm-none-eabi/4.8/../../../arm-none-eabi/lib/armv7e-m/softfp/libc_nano.a(lib_a-puts.o)
 .debug_ranges  0x0000000000000328       0x18 /usr/lib/gcc/arm-none-eabi/4.8/../../../arm-none-eabi/lib/armv7e-m/softfp/libc_nano.a(lib_a-wbuf.o)
 .debug_ranges  0x0000000000000340       0x30 /usr/lib/gcc/arm-none-eabi/4.8/../../../arm-none-eabi/lib/armv7e-m/softfp/libc_nano.a(lib_a-wsetup.o)
 .debug_ranges  0x0000000000000370       0x20 /usr/lib/gcc/arm-none-eabi/4.8/../../../arm-none-eabi/lib/armv7e-m/softfp/libc_nano.a(lib_a-fflush.o)
 .debug_ranges  0x0000000000000390       0x78 /usr/lib/gcc/arm-none-eabi/4.8/../../../arm-none-eabi/lib/armv7e-m/softfp/libc_nano.a(lib_a-findfp.o)
 .debug_ranges  0x0000000000000408       0x18 /usr/lib/gcc/arm-none-eabi/4.8/../../../arm-none-eabi/lib/armv7e-m/softfp/libc_nano.a(lib_a-fwalk.o)
 .debug_ranges  0x0000000000000420       0x10 /usr/lib/gcc/arm-none-eabi/4.8/../../../arm-none-eabi/lib/armv7e-m/softfp/libc_nano.a(lib_a-makebuf.o)
 .debug_ranges  0x0000000000000430       0x28 /usr/lib/gcc/arm-none-eabi/4.8/../../../arm-none-eabi/lib/armv7e-m/softfp/libc_nano.a(lib_a-nano-freer.o)
 .debug_ranges  0x0000000000000458       0x28 /usr/lib/gcc/arm-none-eabi/4.8/../../../arm-none-eabi/lib/armv7e-m/softfp/libc_nano.a(lib_a-nano-mallocr.o)
 .debug_ranges  0x0000000000000480       0x10 /usr/lib/gcc/arm-none-eabi/4.8/../../../arm-none-eabi/lib/armv7e-m/softfp/libc_nano.a(lib_a-sbrkr.o)
 .debug_ranges  0x0000000000000490       0x30 /usr/lib/gcc/arm-none-eabi/4.8/../../../arm-none-eabi/lib/armv7e-m/softfp/libc_nano.a(lib_a-stdio.o)
 .debug_ranges  0x00000000000004c0       0x10 /usr/lib/gcc/arm-none-eabi/4.8/../../../arm-none-eabi/lib/armv7e-m/softfp/libc_nano.a(lib_a-writer.o)
 .debug_ranges  0x00000000000004d0       0x10 /usr/lib/gcc/arm-none-eabi/4.8/../../../arm-none-eabi/lib/armv7e-m/softfp/libc_nano.a(lib_a-closer.o)
 .debug_ranges  0x00000000000004e0       0x18 /usr/lib/gcc/arm-none-eabi/4.8/../../../arm-none-eabi/lib/armv7e-m/softfp/libc_nano.a(lib_a-fclose.o)
 .debug_ranges  0x00000000000004f8       0x10 /usr/lib/gcc/arm-none-eabi/4.8/../../../arm-none-eabi/lib/armv7e-m/softfp/libc_nano.a(lib_a-fstatr.o)
 .debug_ranges  0x0000000000000508       0x10 /usr/lib/gcc/arm-none-eabi/4.8/../../../arm-none-eabi/lib/armv7e-m/softfp/libc_nano.a(lib_a-isattyr.o)
 .debug_ranges  0x0000000000000518       0x10 /usr/lib/gcc/arm-none-eabi/4.8/../../../arm-none-eabi/lib/armv7e-m/softfp/libc_nano.a(lib_a-lseekr.o)
 .debug_ranges  0x0000000000000528       0x10 /usr/lib/gcc/arm-none-eabi/4.8/../../../arm-none-eabi/lib/armv7e-m/softfp/libc_nano.a(lib_a-readr.o)
 .debug_ranges  0x0000000000000538       0x30 /usr/lib/gcc/arm-none-eabi/4.8/../../../arm-none-eabi/lib/armv7e-m/softfp/libc_nano.a(lib_a-reent.o)
 .debug_ranges  0x0000000000000568       0x10 /usr/lib/gcc/arm-none-eabi/4.8/../../../arm-none-eabi/lib/armv7e-m/softfp/libnosys.a(close.o)
 .debug_ranges  0x0000000000000578       0x10 /usr/lib/gcc/arm-none-eabi/4.8/../../../arm-none-eabi/lib/armv7e-m/softfp/libnosys.a(fstat.o)
 .debug_ranges  0x0000000000000588       0x10 /usr/lib/gcc/arm-none-eabi/4.8/../../../arm-none-eabi/lib/armv7e-m/softfp/libnosys.a(isatty.o)
 .debug_ranges  0x0000000000000598       0x10 /usr/lib/gcc/arm-none-eabi/4.8/../../../arm-none-eabi/lib/armv7e-m/softfp/libnosys.a(lseek.o)
 .debug_ranges  0x00000000000005a8       0x10 /usr/lib/gcc/arm-none-eabi/4.8/../../../arm-none-eabi/lib/armv7e-m/softfp/libnosys.a(read.o)
 .debug_ranges  0x00000000000005b8       0x10 /usr/lib/gcc/arm-none-eabi/4.8/../../../arm-none-eabi/lib/armv7e-m/softfp/libnosys.a(sbrk.o)
 .debug_ranges  0x00000000000005c8       0x10 /usr/lib/gcc/arm-none-eabi/4.8/../../../arm-none-eabi/lib/armv7e-m/softfp/libnosys.a(write.o)

.debug_line     0x0000000000000000     0x3c8a
 .debug_line    0x0000000000000000      0x154 build/system_stm32f4xx.o
 .debug_line    0x0000000000000154      0x349 build/stm32f4xx_hal.o
 .debug_line    0x000000000000049d      0x43e build/stm32f4xx_hal_cortex.o
 .debug_line    0x00000000000008db      0x368 build/stm32f4xx_hal_gpio.o
 .debug_line    0x0000000000000c43      0x572 build/stm32f4xx_hal_rcc.o
 .debug_line    0x00000000000011b5      0x241 build/main.o
 .debug_line    0x00000000000013f6       0xf9 build/stm32f4xx_hal_msp.o
 .debug_line    0x00000000000014ef       0xb9 build/stm32f4xx_it.o
 .debug_line    0x00000000000015a8       0xab build/startup_stm32f429xx.o
 .debug_line    0x0000000000001653       0xf8 /usr/lib/gcc/arm-none-eabi/4.8/../../../arm-none-eabi/lib/armv7e-m/softfp/libc_nano.a(lib_a-impure.o)
 .debug_line    0x000000000000174b       0xb7 /usr/lib/gcc/arm-none-eabi/4.8/../../../arm-none-eabi/lib/armv7e-m/softfp/libc_nano.a(lib_a-init.o)
 .debug_line    0x0000000000001802       0xf9 /usr/lib/gcc/arm-none-eabi/4.8/../../../arm-none-eabi/lib/armv7e-m/softfp/libc_nano.a(lib_a-memset.o)
 .debug_line    0x00000000000018fb      0x1ea /usr/lib/gcc/arm-none-eabi/4.8/../../../arm-none-eabi/lib/armv7e-m/softfp/libc_nano.a(lib_a-puts.o)
 .debug_line    0x0000000000001ae5      0x1cf /usr/lib/gcc/arm-none-eabi/4.8/../../../arm-none-eabi/lib/armv7e-m/softfp/libc_nano.a(lib_a-wbuf.o)
 .debug_line    0x0000000000001cb4      0x1ca /usr/lib/gcc/arm-none-eabi/4.8/../../../arm-none-eabi/lib/armv7e-m/softfp/libc_nano.a(lib_a-wsetup.o)
 .debug_line    0x0000000000001e7e      0x24e /usr/lib/gcc/arm-none-eabi/4.8/../../../arm-none-eabi/lib/armv7e-m/softfp/libc_nano.a(lib_a-fflush.o)
 .debug_line    0x00000000000020cc      0x2d1 /usr/lib/gcc/arm-none-eabi/4.8/../../../arm-none-eabi/lib/armv7e-m/softfp/libc_nano.a(lib_a-findfp.o)
 .debug_line    0x000000000000239d      0x1b4 /usr/lib/gcc/arm-none-eabi/4.8/../../../arm-none-eabi/lib/armv7e-m/softfp/libc_nano.a(lib_a-fwalk.o)
 .debug_line    0x0000000000002551      0x1be /usr/lib/gcc/arm-none-eabi/4.8/../../../arm-none-eabi/lib/armv7e-m/softfp/libc_nano.a(lib_a-makebuf.o)
 .debug_line    0x000000000000270f      0x150 /usr/lib/gcc/arm-none-eabi/4.8/../../../arm-none-eabi/lib/armv7e-m/softfp/libc_nano.a(lib_a-nano-freer.o)
 .debug_line    0x000000000000285f      0x1a8 /usr/lib/gcc/arm-none-eabi/4.8/../../../arm-none-eabi/lib/armv7e-m/softfp/libc_nano.a(lib_a-nano-mallocr.o)
 .debug_line    0x0000000000002a07      0x16f /usr/lib/gcc/arm-none-eabi/4.8/../../../arm-none-eabi/lib/armv7e-m/softfp/libc_nano.a(lib_a-sbrkr.o)
 .debug_line    0x0000000000002b76      0x1db /usr/lib/gcc/arm-none-eabi/4.8/../../../arm-none-eabi/lib/armv7e-m/softfp/libc_nano.a(lib_a-stdio.o)
 .debug_line    0x0000000000002d51      0x16f /usr/lib/gcc/arm-none-eabi/4.8/../../../arm-none-eabi/lib/armv7e-m/softfp/libc_nano.a(lib_a-writer.o)
 .debug_line    0x0000000000002ec0      0x170 /usr/lib/gcc/arm-none-eabi/4.8/../../../arm-none-eabi/lib/armv7e-m/softfp/libc_nano.a(lib_a-closer.o)
 .debug_line    0x0000000000003030      0x1dd /usr/lib/gcc/arm-none-eabi/4.8/../../../arm-none-eabi/lib/armv7e-m/softfp/libc_nano.a(lib_a-fclose.o)
 .debug_line    0x000000000000320d      0x185 /usr/lib/gcc/arm-none-eabi/4.8/../../../arm-none-eabi/lib/armv7e-m/softfp/libc_nano.a(lib_a-fstatr.o)
 .debug_line    0x0000000000003392      0x171 /usr/lib/gcc/arm-none-eabi/4.8/../../../arm-none-eabi/lib/armv7e-m/softfp/libc_nano.a(lib_a-isattyr.o)
 .debug_line    0x0000000000003503      0x16f /usr/lib/gcc/arm-none-eabi/4.8/../../../arm-none-eabi/lib/armv7e-m/softfp/libc_nano.a(lib_a-lseekr.o)
 .debug_line    0x0000000000003672      0x16e /usr/lib/gcc/arm-none-eabi/4.8/../../../arm-none-eabi/lib/armv7e-m/softfp/libc_nano.a(lib_a-readr.o)
 .debug_line    0x00000000000037e0      0x1ac /usr/lib/gcc/arm-none-eabi/4.8/../../../arm-none-eabi/lib/armv7e-m/softfp/libc_nano.a(lib_a-reent.o)
 .debug_line    0x000000000000398c       0x5d /usr/lib/gcc/arm-none-eabi/4.8/../../../arm-none-eabi/lib/armv7e-m/softfp/libnosys.a(close.o)
 .debug_line    0x00000000000039e9       0xd2 /usr/lib/gcc/arm-none-eabi/4.8/../../../arm-none-eabi/lib/armv7e-m/softfp/libnosys.a(fstat.o)
 .debug_line    0x0000000000003abb       0x5e /usr/lib/gcc/arm-none-eabi/4.8/../../../arm-none-eabi/lib/armv7e-m/softfp/libnosys.a(isatty.o)
 .debug_line    0x0000000000003b19       0x5d /usr/lib/gcc/arm-none-eabi/4.8/../../../arm-none-eabi/lib/armv7e-m/softfp/libnosys.a(lseek.o)
 .debug_line    0x0000000000003b76       0x5c /usr/lib/gcc/arm-none-eabi/4.8/../../../arm-none-eabi/lib/armv7e-m/softfp/libnosys.a(read.o)
 .debug_line    0x0000000000003bd2       0x5b /usr/lib/gcc/arm-none-eabi/4.8/../../../arm-none-eabi/lib/armv7e-m/softfp/libnosys.a(sbrk.o)
 .debug_line    0x0000000000003c2d       0x5d /usr/lib/gcc/arm-none-eabi/4.8/../../../arm-none-eabi/lib/armv7e-m/softfp/libnosys.a(write.o)

.debug_str      0x0000000000000000     0x257a
 .debug_str     0x0000000000000000      0x331 build/system_stm32f4xx.o
                                        0x396 (size before relaxing)
 .debug_str     0x0000000000000331      0x826 build/stm32f4xx_hal.o
                                        0xace (size before relaxing)
 .debug_str     0x0000000000000b57      0x399 build/stm32f4xx_hal_cortex.o
                                        0xc29 (size before relaxing)
 .debug_str     0x0000000000000ef0      0x1db build/stm32f4xx_hal_gpio.o
                                        0x4e5 (size before relaxing)
 .debug_str     0x00000000000010cb      0x2c2 build/stm32f4xx_hal_rcc.o
                                        0x699 (size before relaxing)
 .debug_str     0x000000000000138d       0x30 build/main.o
                                        0x9c6 (size before relaxing)
 .debug_str     0x00000000000013bd       0x18 build/stm32f4xx_hal_msp.o
                                        0x6f7 (size before relaxing)
 .debug_str     0x00000000000013d5       0x23 build/stm32f4xx_it.o
                                        0x190 (size before relaxing)
 .debug_str     0x00000000000013f8      0x4d6 /usr/lib/gcc/arm-none-eabi/4.8/../../../arm-none-eabi/lib/armv7e-m/softfp/libc_nano.a(lib_a-impure.o)
                                        0x5c6 (size before relaxing)
 .debug_str     0x00000000000018ce      0x109 /usr/lib/gcc/arm-none-eabi/4.8/../../../arm-none-eabi/lib/armv7e-m/softfp/libc_nano.a(lib_a-init.o)
                                        0x27d (size before relaxing)
 .debug_str     0x00000000000019d7       0xb0 /usr/lib/gcc/arm-none-eabi/4.8/../../../arm-none-eabi/lib/armv7e-m/softfp/libc_nano.a(lib_a-memset.o)
                                        0x21e (size before relaxing)
 .debug_str     0x0000000000001a87       0xd0 /usr/lib/gcc/arm-none-eabi/4.8/../../../arm-none-eabi/lib/armv7e-m/softfp/libc_nano.a(lib_a-puts.o)
                                        0x59d (size before relaxing)
 .debug_str     0x0000000000001b57       0x50 /usr/lib/gcc/arm-none-eabi/4.8/../../../arm-none-eabi/lib/armv7e-m/softfp/libc_nano.a(lib_a-wbuf.o)
                                        0x5ea (size before relaxing)
 .debug_str     0x0000000000001ba7       0x45 /usr/lib/gcc/arm-none-eabi/4.8/../../../arm-none-eabi/lib/armv7e-m/softfp/libc_nano.a(lib_a-wsetup.o)
                                        0x5e5 (size before relaxing)
 .debug_str     0x0000000000001bec       0x60 /usr/lib/gcc/arm-none-eabi/4.8/../../../arm-none-eabi/lib/armv7e-m/softfp/libc_nano.a(lib_a-fflush.o)
                                        0x626 (size before relaxing)
 .debug_str     0x0000000000001c4c      0x18b /usr/lib/gcc/arm-none-eabi/4.8/../../../arm-none-eabi/lib/armv7e-m/softfp/libc_nano.a(lib_a-findfp.o)
                                        0x765 (size before relaxing)
 .debug_str     0x0000000000001dd7       0x3e /usr/lib/gcc/arm-none-eabi/4.8/../../../arm-none-eabi/lib/armv7e-m/softfp/libc_nano.a(lib_a-fwalk.o)
                                        0x58c (size before relaxing)
 .debug_str     0x0000000000001e15      0x118 /usr/lib/gcc/arm-none-eabi/4.8/../../../arm-none-eabi/lib/armv7e-m/softfp/libc_nano.a(lib_a-makebuf.o)
                                        0x689 (size before relaxing)
 .debug_str     0x0000000000001f2d      0x10b /usr/lib/gcc/arm-none-eabi/4.8/../../../arm-none-eabi/lib/armv7e-m/softfp/libc_nano.a(lib_a-nano-freer.o)
                                        0x5df (size before relaxing)
 .debug_str     0x0000000000002038       0x50 /usr/lib/gcc/arm-none-eabi/4.8/../../../arm-none-eabi/lib/armv7e-m/softfp/libc_nano.a(lib_a-nano-mallocr.o)
                                        0x614 (size before relaxing)
 .debug_str     0x0000000000002088       0x3a /usr/lib/gcc/arm-none-eabi/4.8/../../../arm-none-eabi/lib/armv7e-m/softfp/libc_nano.a(lib_a-sbrkr.o)
                                        0x57e (size before relaxing)
 .debug_str     0x00000000000020c2       0x8f /usr/lib/gcc/arm-none-eabi/4.8/../../../arm-none-eabi/lib/armv7e-m/softfp/libc_nano.a(lib_a-stdio.o)
                                        0x5e2 (size before relaxing)
 .debug_str     0x0000000000002151       0x30 /usr/lib/gcc/arm-none-eabi/4.8/../../../arm-none-eabi/lib/armv7e-m/softfp/libc_nano.a(lib_a-writer.o)
                                        0x57b (size before relaxing)
 .debug_str     0x0000000000002181       0x30 /usr/lib/gcc/arm-none-eabi/4.8/../../../arm-none-eabi/lib/armv7e-m/softfp/libc_nano.a(lib_a-closer.o)
                                        0x56b (size before relaxing)
 .debug_str     0x00000000000021b1       0x46 /usr/lib/gcc/arm-none-eabi/4.8/../../../arm-none-eabi/lib/armv7e-m/softfp/libc_nano.a(lib_a-fclose.o)
                                        0x613 (size before relaxing)
 .debug_str     0x00000000000021f7       0x3d /usr/lib/gcc/arm-none-eabi/4.8/../../../arm-none-eabi/lib/armv7e-m/softfp/libc_nano.a(lib_a-fstatr.o)
                                        0x65e (size before relaxing)
 .debug_str     0x0000000000002234       0x39 /usr/lib/gcc/arm-none-eabi/4.8/../../../arm-none-eabi/lib/armv7e-m/softfp/libc_nano.a(lib_a-isattyr.o)
                                        0x575 (size before relaxing)
 .debug_str     0x000000000000226d       0x37 /usr/lib/gcc/arm-none-eabi/4.8/../../../arm-none-eabi/lib/armv7e-m/softfp/libc_nano.a(lib_a-lseekr.o)
                                        0x579 (size before relaxing)
 .debug_str     0x00000000000022a4       0x2f /usr/lib/gcc/arm-none-eabi/4.8/../../../arm-none-eabi/lib/armv7e-m/softfp/libc_nano.a(lib_a-readr.o)
                                        0x579 (size before relaxing)
 .debug_str     0x00000000000022d3       0x5b /usr/lib/gcc/arm-none-eabi/4.8/../../../arm-none-eabi/lib/armv7e-m/softfp/libc_nano.a(lib_a-reent.o)
                                        0x5a6 (size before relaxing)
 .debug_str     0x000000000000232e      0x137 /usr/lib/gcc/arm-none-eabi/4.8/../../../arm-none-eabi/lib/armv7e-m/softfp/libnosys.a(close.o)
                                        0x1d6 (size before relaxing)
 .debug_str     0x0000000000002465       0x2c /usr/lib/gcc/arm-none-eabi/4.8/../../../arm-none-eabi/lib/armv7e-m/softfp/libnosys.a(fstat.o)
                                        0x2c3 (size before relaxing)
 .debug_str     0x0000000000002491       0x2d /usr/lib/gcc/arm-none-eabi/4.8/../../../arm-none-eabi/lib/armv7e-m/softfp/libnosys.a(isatty.o)
                                        0x1d6 (size before relaxing)
 .debug_str     0x00000000000024be       0x2c /usr/lib/gcc/arm-none-eabi/4.8/../../../arm-none-eabi/lib/armv7e-m/softfp/libnosys.a(lseek.o)
                                        0x1d4 (size before relaxing)
 .debug_str     0x00000000000024ea       0x2b /usr/lib/gcc/arm-none-eabi/4.8/../../../arm-none-eabi/lib/armv7e-m/softfp/libnosys.a(read.o)
                                        0x1d2 (size before relaxing)
 .debug_str     0x0000000000002515       0x39 /usr/lib/gcc/arm-none-eabi/4.8/../../../arm-none-eabi/lib/armv7e-m/softfp/libnosys.a(sbrk.o)
                                        0x156 (size before relaxing)
 .debug_str     0x000000000000254e       0x2c /usr/lib/gcc/arm-none-eabi/4.8/../../../arm-none-eabi/lib/armv7e-m/softfp/libnosys.a(write.o)
                                        0x1d4 (size before relaxing)

.debug_frame    0x0000000000000000     0x102c
 .debug_frame   0x0000000000000000       0x48 build/system_stm32f4xx.o
 .debug_frame   0x0000000000000048      0x29c build/stm32f4xx_hal.o
 .debug_frame   0x00000000000002e4      0x384 build/stm32f4xx_hal_cortex.o
 .debug_frame   0x0000000000000668       0xf4 build/stm32f4xx_hal_gpio.o
 .debug_frame   0x000000000000075c      0x1b0 build/stm32f4xx_hal_rcc.o
 .debug_frame   0x000000000000090c       0x6c build/main.o
 .debug_frame   0x0000000000000978       0x2c build/stm32f4xx_hal_msp.o
 .debug_frame   0x00000000000009a4       0x2c build/stm32f4xx_it.o
 .debug_frame   0x00000000000009d0       0x2c /usr/lib/gcc/arm-none-eabi/4.8/../../../arm-none-eabi/lib/armv7e-m/softfp/libc_nano.a(lib_a-init.o)
 .debug_frame   0x00000000000009fc       0x20 /usr/lib/gcc/arm-none-eabi/4.8/../../../arm-none-eabi/lib/armv7e-m/softfp/libc_nano.a(lib_a-memset.o)
 .debug_frame   0x0000000000000a1c       0x3c /usr/lib/gcc/arm-none-eabi/4.8/../../../arm-none-eabi/lib/armv7e-m/softfp/libc_nano.a(lib_a-puts.o)
 .debug_frame   0x0000000000000a58       0x3c /usr/lib/gcc/arm-none-eabi/4.8/../../../arm-none-eabi/lib/armv7e-m/softfp/libc_nano.a(lib_a-wbuf.o)
 .debug_frame   0x0000000000000a94       0x2c /usr/lib/gcc/arm-none-eabi/4.8/../../../arm-none-eabi/lib/armv7e-m/softfp/libc_nano.a(lib_a-wsetup.o)
 .debug_frame   0x0000000000000ac0       0x5c /usr/lib/gcc/arm-none-eabi/4.8/../../../arm-none-eabi/lib/armv7e-m/softfp/libc_nano.a(lib_a-fflush.o)
 .debug_frame   0x0000000000000b1c      0x11c /usr/lib/gcc/arm-none-eabi/4.8/../../../arm-none-eabi/lib/armv7e-m/softfp/libc_nano.a(lib_a-findfp.o)
 .debug_frame   0x0000000000000c38       0x54 /usr/lib/gcc/arm-none-eabi/4.8/../../../arm-none-eabi/lib/armv7e-m/softfp/libc_nano.a(lib_a-fwalk.o)
 .debug_frame   0x0000000000000c8c       0x30 /usr/lib/gcc/arm-none-eabi/4.8/../../../arm-none-eabi/lib/armv7e-m/softfp/libc_nano.a(lib_a-makebuf.o)
 .debug_frame   0x0000000000000cbc       0x2c /usr/lib/gcc/arm-none-eabi/4.8/../../../arm-none-eabi/lib/armv7e-m/softfp/libc_nano.a(lib_a-nano-freer.o)
 .debug_frame   0x0000000000000ce8       0x2c /usr/lib/gcc/arm-none-eabi/4.8/../../../arm-none-eabi/lib/armv7e-m/softfp/libc_nano.a(lib_a-nano-mallocr.o)
 .debug_frame   0x0000000000000d14       0x2c /usr/lib/gcc/arm-none-eabi/4.8/../../../arm-none-eabi/lib/armv7e-m/softfp/libc_nano.a(lib_a-sbrkr.o)
 .debug_frame   0x0000000000000d40       0x80 /usr/lib/gcc/arm-none-eabi/4.8/../../../arm-none-eabi/lib/armv7e-m/softfp/libc_nano.a(lib_a-stdio.o)
 .debug_frame   0x0000000000000dc0       0x2c /usr/lib/gcc/arm-none-eabi/4.8/../../../arm-none-eabi/lib/armv7e-m/softfp/libc_nano.a(lib_a-writer.o)
 .debug_frame   0x0000000000000dec       0x2c /usr/lib/gcc/arm-none-eabi/4.8/../../../arm-none-eabi/lib/armv7e-m/softfp/libc_nano.a(lib_a-closer.o)
 .debug_frame   0x0000000000000e18       0x3c /usr/lib/gcc/arm-none-eabi/4.8/../../../arm-none-eabi/lib/armv7e-m/softfp/libc_nano.a(lib_a-fclose.o)
 .debug_frame   0x0000000000000e54       0x2c /usr/lib/gcc/arm-none-eabi/4.8/../../../arm-none-eabi/lib/armv7e-m/softfp/libc_nano.a(lib_a-fstatr.o)
 .debug_frame   0x0000000000000e80       0x2c /usr/lib/gcc/arm-none-eabi/4.8/../../../arm-none-eabi/lib/armv7e-m/softfp/libc_nano.a(lib_a-isattyr.o)
 .debug_frame   0x0000000000000eac       0x2c /usr/lib/gcc/arm-none-eabi/4.8/../../../arm-none-eabi/lib/armv7e-m/softfp/libc_nano.a(lib_a-lseekr.o)
 .debug_frame   0x0000000000000ed8       0x2c /usr/lib/gcc/arm-none-eabi/4.8/../../../arm-none-eabi/lib/armv7e-m/softfp/libc_nano.a(lib_a-readr.o)
 .debug_frame   0x0000000000000f04       0x48 /usr/lib/gcc/arm-none-eabi/4.8/../../../arm-none-eabi/lib/armv7e-m/softfp/libc_nano.a(lib_a-reent.o)
 .debug_frame   0x0000000000000f4c       0x20 /usr/lib/gcc/arm-none-eabi/4.8/../../../arm-none-eabi/lib/armv7e-m/softfp/libnosys.a(close.o)
 .debug_frame   0x0000000000000f6c       0x20 /usr/lib/gcc/arm-none-eabi/4.8/../../../arm-none-eabi/lib/armv7e-m/softfp/libnosys.a(fstat.o)
 .debug_frame   0x0000000000000f8c       0x20 /usr/lib/gcc/arm-none-eabi/4.8/../../../arm-none-eabi/lib/armv7e-m/softfp/libnosys.a(isatty.o)
 .debug_frame   0x0000000000000fac       0x20 /usr/lib/gcc/arm-none-eabi/4.8/../../../arm-none-eabi/lib/armv7e-m/softfp/libnosys.a(lseek.o)
 .debug_frame   0x0000000000000fcc       0x20 /usr/lib/gcc/arm-none-eabi/4.8/../../../arm-none-eabi/lib/armv7e-m/softfp/libnosys.a(read.o)
 .debug_frame   0x0000000000000fec       0x20 /usr/lib/gcc/arm-none-eabi/4.8/../../../arm-none-eabi/lib/armv7e-m/softfp/libnosys.a(sbrk.o)
 .debug_frame   0x000000000000100c       0x20 /usr/lib/gcc/arm-none-eabi/4.8/../../../arm-none-eabi/lib/armv7e-m/softfp/libnosys.a(write.o)

.stab           0x0000000000000000       0x9c
 .stab          0x0000000000000000       0x24 /usr/lib/gcc/arm-none-eabi/4.8/../../../arm-none-eabi/lib/armv7e-m/softfp/libnosys.a(close.o)
 .stab          0x0000000000000024       0x18 /usr/lib/gcc/arm-none-eabi/4.8/../../../arm-none-eabi/lib/armv7e-m/softfp/libnosys.a(fstat.o)
                                         0x24 (size before relaxing)
 .stab          0x000000000000003c       0x18 /usr/lib/gcc/arm-none-eabi/4.8/../../../arm-none-eabi/lib/armv7e-m/softfp/libnosys.a(isatty.o)
                                         0x24 (size before relaxing)
 .stab          0x0000000000000054       0x18 /usr/lib/gcc/arm-none-eabi/4.8/../../../arm-none-eabi/lib/armv7e-m/softfp/libnosys.a(lseek.o)
                                         0x24 (size before relaxing)
 .stab          0x000000000000006c       0x18 /usr/lib/gcc/arm-none-eabi/4.8/../../../arm-none-eabi/lib/armv7e-m/softfp/libnosys.a(read.o)
                                         0x24 (size before relaxing)
 .stab          0x0000000000000084       0x18 /usr/lib/gcc/arm-none-eabi/4.8/../../../arm-none-eabi/lib/armv7e-m/softfp/libnosys.a(write.o)
                                         0x24 (size before relaxing)

.stabstr        0x0000000000000000      0x14d
 .stabstr       0x0000000000000000      0x14d /usr/lib/gcc/arm-none-eabi/4.8/../../../arm-none-eabi/lib/armv7e-m/softfp/libnosys.a(close.o)

Cross Reference Table

Symbol                                            File
ADC_IRQHandler                                    build/startup_stm32f429xx.o
AHBPrescTable                                     build/system_stm32f4xx.o
APBAHBPrescTable                                  build/stm32f4xx_hal_rcc.o
BusFault_Handler                                  build/startup_stm32f429xx.o
CAN1_RX0_IRQHandler                               build/startup_stm32f429xx.o
CAN1_RX1_IRQHandler                               build/startup_stm32f429xx.o
CAN1_SCE_IRQHandler                               build/startup_stm32f429xx.o
CAN1_TX_IRQHandler                                build/startup_stm32f429xx.o
CAN2_RX0_IRQHandler                               build/startup_stm32f429xx.o
CAN2_RX1_IRQHandler                               build/startup_stm32f429xx.o
CAN2_SCE_IRQHandler                               build/startup_stm32f429xx.o
CAN2_TX_IRQHandler                                build/startup_stm32f429xx.o
DCMI_IRQHandler                                   build/startup_stm32f429xx.o
DMA1_Stream0_IRQHandler                           build/startup_stm32f429xx.o
DMA1_Stream1_IRQHandler                           build/startup_stm32f429xx.o
DMA1_Stream2_IRQHandler                           build/startup_stm32f429xx.o
DMA1_Stream3_IRQHandler                           build/startup_stm32f429xx.o
DMA1_Stream4_IRQHandler                           build/startup_stm32f429xx.o
DMA1_Stream5_IRQHandler                           build/startup_stm32f429xx.o
DMA1_Stream6_IRQHandler                           build/startup_stm32f429xx.o
DMA1_Stream7_IRQHandler                           build/startup_stm32f429xx.o
DMA2D_IRQHandler                                  build/startup_stm32f429xx.o
DMA2_Stream0_IRQHandler                           build/startup_stm32f429xx.o
DMA2_Stream1_IRQHandler                           build/startup_stm32f429xx.o
DMA2_Stream2_IRQHandler                           build/startup_stm32f429xx.o
DMA2_Stream3_IRQHandler                           build/startup_stm32f429xx.o
DMA2_Stream4_IRQHandler                           build/startup_stm32f429xx.o
DMA2_Stream5_IRQHandler                           build/startup_stm32f429xx.o
DMA2_Stream6_IRQHandler                           build/startup_stm32f429xx.o
DMA2_Stream7_IRQHandler                           build/startup_stm32f429xx.o
DebugMon_Handler                                  build/startup_stm32f429xx.o
Default_Handler                                   build/startup_stm32f429xx.o
ETH_IRQHandler                                    build/startup_stm32f429xx.o
ETH_WKUP_IRQHandler                               build/startup_stm32f429xx.o
EXTI0_IRQHandler                                  build/startup_stm32f429xx.o
EXTI15_10_IRQHandler                              build/startup_stm32f429xx.o
EXTI1_IRQHandler                                  build/startup_stm32f429xx.o
EXTI2_IRQHandler                                  build/startup_stm32f429xx.o
EXTI3_IRQHandler                                  build/startup_stm32f429xx.o
EXTI4_IRQHandler                                  build/startup_stm32f429xx.o
EXTI9_5_IRQHandler                                build/startup_stm32f429xx.o
FLASH_Erase_Sector                                build/stm32f4xx_hal_flash_ex.o
                                                  build/stm32f4xx_hal_flash.o
FLASH_FlushCaches                                 build/stm32f4xx_hal_flash_ex.o
                                                  build/stm32f4xx_hal_flash.o
FLASH_IRQHandler                                  build/startup_stm32f429xx.o
FLASH_WaitForLastOperation                        build/stm32f4xx_hal_flash.o
                                                  build/stm32f4xx_hal_flash_ex.o
FMC_IRQHandler                                    build/startup_stm32f429xx.o
FPU_IRQHandler                                    build/startup_stm32f429xx.o
HAL_DBGMCU_DisableDBGSleepMode                    build/stm32f4xx_hal.o
HAL_DBGMCU_DisableDBGStandbyMode                  build/stm32f4xx_hal.o
HAL_DBGMCU_DisableDBGStopMode                     build/stm32f4xx_hal.o
HAL_DBGMCU_EnableDBGSleepMode                     build/stm32f4xx_hal.o
HAL_DBGMCU_EnableDBGStandbyMode                   build/stm32f4xx_hal.o
HAL_DBGMCU_EnableDBGStopMode                      build/stm32f4xx_hal.o
HAL_DMAEx_ChangeMemory                            build/stm32f4xx_hal_dma_ex.o
HAL_DMAEx_MultiBufferStart                        build/stm32f4xx_hal_dma_ex.o
HAL_DMAEx_MultiBufferStart_IT                     build/stm32f4xx_hal_dma_ex.o
HAL_DMA_Abort                                     build/stm32f4xx_hal_dma.o
HAL_DMA_DeInit                                    build/stm32f4xx_hal_dma.o
HAL_DMA_GetError                                  build/stm32f4xx_hal_dma.o
HAL_DMA_GetState                                  build/stm32f4xx_hal_dma.o
HAL_DMA_IRQHandler                                build/stm32f4xx_hal_dma.o
HAL_DMA_Init                                      build/stm32f4xx_hal_dma.o
HAL_DMA_PollForTransfer                           build/stm32f4xx_hal_dma.o
HAL_DMA_Start                                     build/stm32f4xx_hal_dma.o
HAL_DMA_Start_IT                                  build/stm32f4xx_hal_dma.o
HAL_DeInit                                        build/stm32f4xx_hal.o
HAL_Delay                                         build/stm32f4xx_hal.o
                                                  build/main.o
HAL_DisableCompensationCell                       build/stm32f4xx_hal.o
HAL_DisableMemorySwappingBank                     build/stm32f4xx_hal.o
HAL_EnableCompensationCell                        build/stm32f4xx_hal.o
HAL_EnableMemorySwappingBank                      build/stm32f4xx_hal.o
HAL_FLASHEx_AdvOBGetConfig                        build/stm32f4xx_hal_flash_ex.o
HAL_FLASHEx_AdvOBProgram                          build/stm32f4xx_hal_flash_ex.o
HAL_FLASHEx_Erase                                 build/stm32f4xx_hal_flash_ex.o
HAL_FLASHEx_Erase_IT                              build/stm32f4xx_hal_flash_ex.o
HAL_FLASHEx_OBGetConfig                           build/stm32f4xx_hal_flash_ex.o
HAL_FLASHEx_OBProgram                             build/stm32f4xx_hal_flash_ex.o
HAL_FLASHEx_OB_DeSelectPCROP                      build/stm32f4xx_hal_flash_ex.o
HAL_FLASHEx_OB_GetBank2WRP                        build/stm32f4xx_hal_flash_ex.o
HAL_FLASHEx_OB_SelectPCROP                        build/stm32f4xx_hal_flash_ex.o
HAL_FLASH_EndOfOperationCallback                  build/stm32f4xx_hal_flash.o
HAL_FLASH_GetError                                build/stm32f4xx_hal_flash.o
HAL_FLASH_IRQHandler                              build/stm32f4xx_hal_flash.o
HAL_FLASH_Lock                                    build/stm32f4xx_hal_flash.o
HAL_FLASH_OB_Launch                               build/stm32f4xx_hal_flash.o
HAL_FLASH_OB_Lock                                 build/stm32f4xx_hal_flash.o
HAL_FLASH_OB_Unlock                               build/stm32f4xx_hal_flash.o
HAL_FLASH_OperationErrorCallback                  build/stm32f4xx_hal_flash.o
HAL_FLASH_Program                                 build/stm32f4xx_hal_flash.o
HAL_FLASH_Program_IT                              build/stm32f4xx_hal_flash.o
HAL_FLASH_Unlock                                  build/stm32f4xx_hal_flash.o
HAL_GPIO_DeInit                                   build/stm32f4xx_hal_gpio.o
HAL_GPIO_EXTI_Callback                            build/stm32f4xx_hal_gpio.o
HAL_GPIO_EXTI_IRQHandler                          build/stm32f4xx_hal_gpio.o
HAL_GPIO_Init                                     build/stm32f4xx_hal_gpio.o
                                                  build/main.o
                                                  build/stm32f4xx_hal_rcc.o
HAL_GPIO_LockPin                                  build/stm32f4xx_hal_gpio.o
HAL_GPIO_ReadPin                                  build/stm32f4xx_hal_gpio.o
HAL_GPIO_TogglePin                                build/stm32f4xx_hal_gpio.o
                                                  build/main.o
HAL_GPIO_WritePin                                 build/stm32f4xx_hal_gpio.o
HAL_GetDEVID                                      build/stm32f4xx_hal.o
HAL_GetHalVersion                                 build/stm32f4xx_hal.o
HAL_GetREVID                                      build/stm32f4xx_hal.o
HAL_GetTick                                       build/stm32f4xx_hal.o
                                                  build/stm32f4xx_hal_rcc_ex.o
                                                  build/stm32f4xx_hal_rcc.o
                                                  build/stm32f4xx_hal_pwr_ex.o
                                                  build/stm32f4xx_hal_flash.o
                                                  build/stm32f4xx_hal_dma.o
HAL_IncTick                                       build/stm32f4xx_hal.o
                                                  build/stm32f4xx_it.o
HAL_Init                                          build/stm32f4xx_hal.o
                                                  build/main.o
HAL_InitTick                                      build/stm32f4xx_hal.o
                                                  build/stm32f4xx_hal_rcc.o
HAL_MPU_ConfigRegion                              build/stm32f4xx_hal_cortex.o
HAL_MspDeInit                                     build/stm32f4xx_hal.o
HAL_MspInit                                       build/stm32f4xx_hal_msp.o
                                                  build/stm32f4xx_hal.o
HAL_NVIC_ClearPendingIRQ                          build/stm32f4xx_hal_cortex.o
HAL_NVIC_DisableIRQ                               build/stm32f4xx_hal_cortex.o